MPLINK 5.00, LINKER
Linker Map File - Created Thu Oct 09 14:05:41 2014

                                 Section Info
                  Section       Type    Address   Location Size(Bytes)
                ---------  ---------  ---------  ---------  ---------
                       V0       code   0x000c80    program   0x000000
                       V4       code   0x000c84    program   0x000000
                       V8       code   0x000c88    program   0x000000
                      V12       code   0x000c8c    program   0x000000
                      V16       code   0x000c90    program   0x000000
                      V20       code   0x000c94    program   0x000000
                      V24       code   0x000c98    program   0x000000
                      V28       code   0x000c9c    program   0x000000
                      V32       code   0x000ca0    program   0x000000
                      V36       code   0x000ca4    program   0x000000
                      V40       code   0x000ca8    program   0x000000
                      V44       code   0x000cac    program   0x000000
                      V48       code   0x000cb0    program   0x000000
                      V52       code   0x000cb4    program   0x000000
                      V56       code   0x000cb8    program   0x000000
                      V60       code   0x000cbc    program   0x000000
                      V64       code   0x000cc0    program   0x000000
                      V68       code   0x000cc4    program   0x000000
                      V72       code   0x000cc8    program   0x000000
                      V76       code   0x000ccc    program   0x000000
                      V80       code   0x000cd0    program   0x000000
                      V84       code   0x000cd4    program   0x000000
                      V88       code   0x000cd8    program   0x000000
                      V92       code   0x000cdc    program   0x000000
                      V96       code   0x000ce0    program   0x000000
                     V100       code   0x000ce4    program   0x000000
                     V104       code   0x000ce8    program   0x000000
                     V108       code   0x000cec    program   0x000000
                     V112       code   0x000cf0    program   0x000000
                     V116       code   0x000cf4    program   0x000000
                     V120       code   0x000cf8    program   0x000000
                     V124       code   0x000cfc    program   0x000000
                     V128       code   0x000d00    program   0x000000
                     V132       code   0x000d04    program   0x000000
                     V136       code   0x000d08    program   0x000000
                     V140       code   0x000d0c    program   0x000000
                     V144       code   0x000d10    program   0x000000
                     V148       code   0x000d14    program   0x000000
                     V152       code   0x000d18    program   0x000000
           US_APP_VECTORS       code   0x00c000    program   0x000026
                   .cinit    romdata   0x00c100    program   0x000002
         .code_OS_Def_C.o       code   0x00c102    program   0x000246
             .code_TEST.o       code   0x00c348    program   0x0000a0
                    .code       code   0x00c3e8    program   0x00000e
      .romdata_OS_Def_C.o    romdata   0x00c3f6    program   0x000000
      .idata_OS_Def_C.o_i    romdata   0x00c3f6    program   0x000000
          .romdata_TEST.o    romdata   0x00c3f6    program   0x000000
          .idata_TEST.o_i    romdata   0x00c3f6    program   0x000000
               EE_ID_VECT       code   0xf00014    program   0x000004
                TEMP_BASE      udata   0x000010       data   0x000020
                MATH_DATA      udata   0x000030       data   0x000009
                 .tmpdata      udata   0x000039       data   0x000000
                    PARAM      udata   0x000060       data   0x000020
        .udata_OS_Def_C.o      udata   0x000c00       data   0x000041
            .udata_TEST.o      udata   0x000c41       data   0x000009
            .idata_TEST.o      idata   0x000c4a       data   0x000000
        .idata_OS_Def_C.o      idata   0x000c4a       data   0x000000
               STACK_ZONE      udata   0x000e00       data   0x000100
            SFR_UNBANKED0      udata   0x000f6b       data   0x000095



                              Program Memory Usage 
                               Start         End      
                           ---------   ---------      
                            0x00c000    0x00c025      
                            0x00c100    0x00c3f5      
                            0xf00014    0xf00017      
            800 out of 131352 program addresses used, program memory utilization is 0%



                              Symbols - Sorted by Name
                     Name    Address   Location    Storage File                     
                ---------  ---------  ---------  --------- ---------                
               C_PROJECT1   0x00c348    program     extern D:\Kostya\dev\workspace\electronic\MPLAB\TEST.c
              ID_USER_APP   0x00c01c    program     static D:\Kostya\dev\workspace\electronic\MPLAB\TEST_Vectors.asm
OPTIONAL_HANDLER_LOINT_PORT1   0x00c008    program     extern D:\Kostya\dev\workspace\electronic\MPLAB\TEST_Vectors.asm
OPTIONAL_HANDLER_LOINT_PORT2   0x00c010    program     extern D:\Kostya\dev\workspace\electronic\MPLAB\TEST_Vectors.asm
OPTIONAL_HANDLER_MAIN_PORT1   0x00c004    program     extern D:\Kostya\dev\workspace\electronic\MPLAB\TEST_Vectors.asm
OPTIONAL_HANDLER_MAIN_PORT2   0x00c00c    program     extern D:\Kostya\dev\workspace\electronic\MPLAB\TEST_Vectors.asm
              SYS_BCD2HEX   0x000ce0    program     extern C:\Work_Mk\lib4xx\UsApp_Lib\Source\OS_Def.asm
SYS_BEGIN_TRANSACTION_PORT1   0x000cfc    program     extern C:\Work_Mk\lib4xx\UsApp_Lib\Source\OS_Def.asm
SYS_BEGIN_TRANSACTION_PORT2   0x000d10    program     extern C:\Work_Mk\lib4xx\UsApp_Lib\Source\OS_Def.asm
          SYS_CLOSE_PORT1   0x000d04    program     extern C:\Work_Mk\lib4xx\UsApp_Lib\Source\OS_Def.asm
          SYS_CLOSE_PORT2   0x000d18    program     extern C:\Work_Mk\lib4xx\UsApp_Lib\Source\OS_Def.asm
                SYS_FPA32   0x000cf0    program     extern C:\Work_Mk\lib4xx\UsApp_Lib\Source\OS_Def.asm
                SYS_FPS32   0x000cec    program     extern C:\Work_Mk\lib4xx\UsApp_Lib\Source\OS_Def.asm
             SYS_FXD1608U   0x000cd0    program     extern C:\Work_Mk\lib4xx\UsApp_Lib\Source\OS_Def.asm
             SYS_FXD2416U   0x000ccc    program     extern C:\Work_Mk\lib4xx\UsApp_Lib\Source\OS_Def.asm
             SYS_FXD3216U   0x000cc8    program     extern C:\Work_Mk\lib4xx\UsApp_Lib\Source\OS_Def.asm
              SYS_FXM16_8   0x000cdc    program     extern C:\Work_Mk\lib4xx\UsApp_Lib\Source\OS_Def.asm
             SYS_FXM24_16   0x000cd8    program     extern C:\Work_Mk\lib4xx\UsApp_Lib\Source\OS_Def.asm
              SYS_FXM32_8   0x000cd4    program     extern C:\Work_Mk\lib4xx\UsApp_Lib\Source\OS_Def.asm
      SYS_GET_COUNTER10MS   0x000cbc    program     extern C:\Work_Mk\lib4xx\UsApp_Lib\Source\OS_Def.asm
        SYS_GET_COUNTER1S   0x000cc0    program     extern C:\Work_Mk\lib4xx\UsApp_Lib\Source\OS_Def.asm
       SYS_GET_MODBUS_BIT   0x000c94    program     extern C:\Work_Mk\lib4xx\UsApp_Lib\Source\OS_Def.asm
       SYS_GET_MODBUS_REG   0x000c88    program     extern C:\Work_Mk\lib4xx\UsApp_Lib\Source\OS_Def.asm
   SYS_GET_OPERATIVE_TIME   0x000ca4    program     extern C:\Work_Mk\lib4xx\UsApp_Lib\Source\OS_Def.asm
   SYS_GET_POWERSAFE_REG3   0x000cac    program     extern C:\Work_Mk\lib4xx\UsApp_Lib\Source\OS_Def.asm
   SYS_GET_POWERSAFE_REG4   0x000cb4    program     extern C:\Work_Mk\lib4xx\UsApp_Lib\Source\OS_Def.asm
    SYS_GET_PTR_BUF_PORT1   0x000cf8    program     extern C:\Work_Mk\lib4xx\UsApp_Lib\Source\OS_Def.asm
    SYS_GET_PTR_BUF_PORT2   0x000d0c    program     extern C:\Work_Mk\lib4xx\UsApp_Lib\Source\OS_Def.asm
      SYS_GET_SCAN_STATUS   0x000c84    program     extern C:\Work_Mk\lib4xx\UsApp_Lib\Source\OS_Def.asm
SYS_GET_STATUS_TRANSACTION_PORT1   0x000d00    program     extern C:\Work_Mk\lib4xx\UsApp_Lib\Source\OS_Def.asm
SYS_GET_STATUS_TRANSACTION_PORT2   0x000d14    program     extern C:\Work_Mk\lib4xx\UsApp_Lib\Source\OS_Def.asm
              SYS_HEX2BCD   0x000ce4    program     extern C:\Work_Mk\lib4xx\UsApp_Lib\Source\OS_Def.asm
 SYS_LOCK_SHARED_RESOURCE   0x000c9c    program     extern C:\Work_Mk\lib4xx\UsApp_Lib\Source\OS_Def.asm
           SYS_MOD_ID_APP   0x000c80    program     extern C:\Work_Mk\lib4xx\UsApp_Lib\Source\OS_Def.asm
           SYS_OPEN_PORT1   0x000cf4    program     extern C:\Work_Mk\lib4xx\UsApp_Lib\Source\OS_Def.asm
           SYS_OPEN_PORT2   0x000d08    program     extern C:\Work_Mk\lib4xx\UsApp_Lib\Source\OS_Def.asm
       SYS_SET_MODBUS_BIT   0x000c98    program     extern C:\Work_Mk\lib4xx\UsApp_Lib\Source\OS_Def.asm
       SYS_SET_MODBUS_REG   0x000c8c    program     extern C:\Work_Mk\lib4xx\UsApp_Lib\Source\OS_Def.asm
   SYS_SET_OPERATIVE_TIME   0x000ca8    program     extern C:\Work_Mk\lib4xx\UsApp_Lib\Source\OS_Def.asm
   SYS_SET_POWERSAFE_REG3   0x000cb0    program     extern C:\Work_Mk\lib4xx\UsApp_Lib\Source\OS_Def.asm
   SYS_SET_POWERSAFE_REG4   0x000cb8    program     extern C:\Work_Mk\lib4xx\UsApp_Lib\Source\OS_Def.asm
  SYS_SET_RECORD_TO_ARHIV   0x000cc4    program     extern C:\Work_Mk\lib4xx\UsApp_Lib\Source\OS_Def.asm
             SYS_SWAP_REG   0x000c90    program     extern C:\Work_Mk\lib4xx\UsApp_Lib\Source\OS_Def.asm
SYS_UNLOCK_SHARED_RESOURCE   0x000ca0    program     extern C:\Work_Mk\lib4xx\UsApp_Lib\Source\OS_Def.asm
           SYS_WORD2FLOAT   0x000ce8    program     extern C:\Work_Mk\lib4xx\UsApp_Lib\Source\OS_Def.asm
               USAPP_ZONE   0x00c014    program     static D:\Kostya\dev\workspace\electronic\MPLAB\TEST_Vectors.asm
         USER_APPLICATION   0x00c000    program     extern D:\Kostya\dev\workspace\electronic\MPLAB\TEST_Vectors.asm
       ___return_lbl00018   0x00c206    program     static                          
       ___return_lbl00019   0x00c226    program     static                          
                   __pa_0   0x00c304    program     static C:\Work_Mk\lib4xx\UsApp_Lib\Source\OS_Def_C.c
                   __pa_0   0x00c3d4    program     static D:\Kostya\dev\workspace\electronic\MPLAB\TEST.c
                   __pa_1   0x00c312    program     static C:\Work_Mk\lib4xx\UsApp_Lib\Source\OS_Def_C.c
                   __pa_1   0x00c3e0    program     static D:\Kostya\dev\workspace\electronic\MPLAB\TEST.c
                   __pa_2   0x00c32c    program     static C:\Work_Mk\lib4xx\UsApp_Lib\Source\OS_Def_C.c
                   __pa_3   0x00c33e    program     static C:\Work_Mk\lib4xx\UsApp_Lib\Source\OS_Def_C.c
            __zero_memory   0x00c3e8    program     extern C:\MCC18\SRC\TRADIT~1\PROC\p18f6720.asm
  begin_transaction_port1   0x00c254    program     extern C:\Work_Mk\lib4xx\UsApp_Lib\Source\OS_Def_C.c
  begin_transaction_port2   0x00c2c2    program     extern C:\Work_Mk\lib4xx\UsApp_Lib\Source\OS_Def_C.c
               clear_loop   0x00c3ee    program     static C:\MCC18\SRC\TRADIT~1\PROC\p18f6720.asm
              close_port1   0x00c292    program     extern C:\Work_Mk\lib4xx\UsApp_Lib\Source\OS_Def_C.c
              close_port2   0x00c300    program     extern C:\Work_Mk\lib4xx\UsApp_Lib\Source\OS_Def_C.c
          get_counter10ms   0x00c1c4    program     extern C:\Work_Mk\lib4xx\UsApp_Lib\Source\OS_Def_C.c
            get_counter1s   0x00c1ca    program     extern C:\Work_Mk\lib4xx\UsApp_Lib\Source\OS_Def_C.c
           get_modbus_bit   0x00c150    program     extern C:\Work_Mk\lib4xx\UsApp_Lib\Source\OS_Def_C.c
           get_modbus_reg   0x00c110    program     extern C:\Work_Mk\lib4xx\UsApp_Lib\Source\OS_Def_C.c
       get_operative_time   0x00c188    program     extern C:\Work_Mk\lib4xx\UsApp_Lib\Source\OS_Def_C.c
       get_powersafe_reg3   0x00c1a0    program     extern C:\Work_Mk\lib4xx\UsApp_Lib\Source\OS_Def_C.c
       get_powersafe_reg4   0x00c1b2    program     extern C:\Work_Mk\lib4xx\UsApp_Lib\Source\OS_Def_C.c
     get_ptr_buffer_port1   0x00c23e    program     extern C:\Work_Mk\lib4xx\UsApp_Lib\Source\OS_Def_C.c
     get_ptr_buffer_port2   0x00c2ac    program     extern C:\Work_Mk\lib4xx\UsApp_Lib\Source\OS_Def_C.c
          get_scan_status   0x00c106    program     extern C:\Work_Mk\lib4xx\UsApp_Lib\Source\OS_Def_C.c
get_status_transaction_port1   0x00c26c    program     extern C:\Work_Mk\lib4xx\UsApp_Lib\Source\OS_Def_C.c
get_status_transaction_port2   0x00c2da    program     extern C:\Work_Mk\lib4xx\UsApp_Lib\Source\OS_Def_C.c
                iee2mcflo   0x00c1e8    program     extern C:\Work_Mk\lib4xx\UsApp_Lib\Source\OS_Def_C.c
     lock_shared_resource   0x00c180    program     extern C:\Work_Mk\lib4xx\UsApp_Lib\Source\OS_Def_C.c
                mcflo2iee   0x00c208    program     extern C:\Work_Mk\lib4xx\UsApp_Lib\Source\OS_Def_C.c
               mod_id_app   0x00c102    program     extern C:\Work_Mk\lib4xx\UsApp_Lib\Source\OS_Def_C.c
               open_port1   0x00c228    program     extern C:\Work_Mk\lib4xx\UsApp_Lib\Source\OS_Def_C.c
               open_port2   0x00c296    program     extern C:\Work_Mk\lib4xx\UsApp_Lib\Source\OS_Def_C.c
           set_modbus_bit   0x00c168    program     extern C:\Work_Mk\lib4xx\UsApp_Lib\Source\OS_Def_C.c
           set_modbus_reg   0x00c128    program     extern C:\Work_Mk\lib4xx\UsApp_Lib\Source\OS_Def_C.c
       set_operative_time   0x00c194    program     extern C:\Work_Mk\lib4xx\UsApp_Lib\Source\OS_Def_C.c
       set_powersafe_reg3   0x00c1a6    program     extern C:\Work_Mk\lib4xx\UsApp_Lib\Source\OS_Def_C.c
       set_powersafe_reg4   0x00c1b8    program     extern C:\Work_Mk\lib4xx\UsApp_Lib\Source\OS_Def_C.c
      set_record_to_arhiv   0x00c1d4    program     extern C:\Work_Mk\lib4xx\UsApp_Lib\Source\OS_Def_C.c
                 swap_reg   0x00c140    program     extern C:\Work_Mk\lib4xx\UsApp_Lib\Source\OS_Def_C.c
   unlock_shared_resource   0x00c184    program     extern C:\Work_Mk\lib4xx\UsApp_Lib\Source\OS_Def_C.c
                   ADCON0   0x000fc2       data     extern C:\MCC18\SRC\TRADIT~1\PROC\p18f6720.asm
               ADCON0bits   0x000fc2       data     extern C:\MCC18\SRC\TRADIT~1\PROC\p18f6720.asm
                   ADCON1   0x000fc1       data     extern C:\MCC18\SRC\TRADIT~1\PROC\p18f6720.asm
               ADCON1bits   0x000fc1       data     extern C:\MCC18\SRC\TRADIT~1\PROC\p18f6720.asm
                   ADCON2   0x000fc0       data     extern C:\MCC18\SRC\TRADIT~1\PROC\p18f6720.asm
               ADCON2bits   0x000fc0       data     extern C:\MCC18\SRC\TRADIT~1\PROC\p18f6720.asm
                    ADRES   0x000fc3       data     extern C:\MCC18\SRC\TRADIT~1\PROC\p18f6720.asm
                   ADRESH   0x000fc4       data     extern C:\MCC18\SRC\TRADIT~1\PROC\p18f6720.asm
                   ADRESL   0x000fc3       data     extern C:\MCC18\SRC\TRADIT~1\PROC\p18f6720.asm
                      BSR   0x000fe0       data     extern C:\MCC18\SRC\TRADIT~1\PROC\p18f6720.asm
                  CCP1CON   0x000fbd       data     extern C:\MCC18\SRC\TRADIT~1\PROC\p18f6720.asm
              CCP1CONbits   0x000fbd       data     extern C:\MCC18\SRC\TRADIT~1\PROC\p18f6720.asm
                  CCP2CON   0x000fba       data     extern C:\MCC18\SRC\TRADIT~1\PROC\p18f6720.asm
              CCP2CONbits   0x000fba       data     extern C:\MCC18\SRC\TRADIT~1\PROC\p18f6720.asm
                  CCP3CON   0x000fb7       data     extern C:\MCC18\SRC\TRADIT~1\PROC\p18f6720.asm
              CCP3CONbits   0x000fb7       data     extern C:\MCC18\SRC\TRADIT~1\PROC\p18f6720.asm
                  CCP4CON   0x000f73       data     extern C:\MCC18\SRC\TRADIT~1\PROC\p18f6720.asm
              CCP4CONbits   0x000f73       data     extern C:\MCC18\SRC\TRADIT~1\PROC\p18f6720.asm
                  CCP5CON   0x000f70       data     extern C:\MCC18\SRC\TRADIT~1\PROC\p18f6720.asm
              CCP5CONbits   0x000f70       data     extern C:\MCC18\SRC\TRADIT~1\PROC\p18f6720.asm
                    CCPR1   0x000fbe       data     extern C:\MCC18\SRC\TRADIT~1\PROC\p18f6720.asm
                   CCPR1H   0x000fbf       data     extern C:\MCC18\SRC\TRADIT~1\PROC\p18f6720.asm
                   CCPR1L   0x000fbe       data     extern C:\MCC18\SRC\TRADIT~1\PROC\p18f6720.asm
                    CCPR2   0x000fbb       data     extern C:\MCC18\SRC\TRADIT~1\PROC\p18f6720.asm
                   CCPR2H   0x000fbc       data     extern C:\MCC18\SRC\TRADIT~1\PROC\p18f6720.asm
                   CCPR2L   0x000fbb       data     extern C:\MCC18\SRC\TRADIT~1\PROC\p18f6720.asm
                    CCPR3   0x000fb8       data     extern C:\MCC18\SRC\TRADIT~1\PROC\p18f6720.asm
                   CCPR3H   0x000fb9       data     extern C:\MCC18\SRC\TRADIT~1\PROC\p18f6720.asm
                   CCPR3L   0x000fb8       data     extern C:\MCC18\SRC\TRADIT~1\PROC\p18f6720.asm
                    CCPR4   0x000f74       data     extern C:\MCC18\SRC\TRADIT~1\PROC\p18f6720.asm
                   CCPR4H   0x000f75       data     extern C:\MCC18\SRC\TRADIT~1\PROC\p18f6720.asm
                   CCPR4L   0x000f74       data     extern C:\MCC18\SRC\TRADIT~1\PROC\p18f6720.asm
                    CCPR5   0x000f71       data     extern C:\MCC18\SRC\TRADIT~1\PROC\p18f6720.asm
                   CCPR5H   0x000f72       data     extern C:\MCC18\SRC\TRADIT~1\PROC\p18f6720.asm
                   CCPR5L   0x000f71       data     extern C:\MCC18\SRC\TRADIT~1\PROC\p18f6720.asm
                    CMCON   0x000fb4       data     extern C:\MCC18\SRC\TRADIT~1\PROC\p18f6720.asm
                CMCONbits   0x000fb4       data     extern C:\MCC18\SRC\TRADIT~1\PROC\p18f6720.asm
                   CVRCON   0x000fb5       data     extern C:\MCC18\SRC\TRADIT~1\PROC\p18f6720.asm
               CVRCONbits   0x000fb5       data     extern C:\MCC18\SRC\TRADIT~1\PROC\p18f6720.asm
                     DDRA   0x000f92       data     extern C:\MCC18\SRC\TRADIT~1\PROC\p18f6720.asm
                 DDRAbits   0x000f92       data     extern C:\MCC18\SRC\TRADIT~1\PROC\p18f6720.asm
                     DDRB   0x000f93       data     extern C:\MCC18\SRC\TRADIT~1\PROC\p18f6720.asm
                 DDRBbits   0x000f93       data     extern C:\MCC18\SRC\TRADIT~1\PROC\p18f6720.asm
                     DDRC   0x000f94       data     extern C:\MCC18\SRC\TRADIT~1\PROC\p18f6720.asm
                 DDRCbits   0x000f94       data     extern C:\MCC18\SRC\TRADIT~1\PROC\p18f6720.asm
                     DDRD   0x000f95       data     extern C:\MCC18\SRC\TRADIT~1\PROC\p18f6720.asm
                 DDRDbits   0x000f95       data     extern C:\MCC18\SRC\TRADIT~1\PROC\p18f6720.asm
                     DDRE   0x000f96       data     extern C:\MCC18\SRC\TRADIT~1\PROC\p18f6720.asm
                 DDREbits   0x000f96       data     extern C:\MCC18\SRC\TRADIT~1\PROC\p18f6720.asm
                     DDRF   0x000f97       data     extern C:\MCC18\SRC\TRADIT~1\PROC\p18f6720.asm
                 DDRFbits   0x000f97       data     extern C:\MCC18\SRC\TRADIT~1\PROC\p18f6720.asm
                     DDRG   0x000f98       data     extern C:\MCC18\SRC\TRADIT~1\PROC\p18f6720.asm
                 DDRGbits   0x000f98       data     extern C:\MCC18\SRC\TRADIT~1\PROC\p18f6720.asm
                    EEADR   0x000fa9       data     extern C:\MCC18\SRC\TRADIT~1\PROC\p18f6720.asm
                   EEADRH   0x000faa       data     extern C:\MCC18\SRC\TRADIT~1\PROC\p18f6720.asm
                   EECON1   0x000fa6       data     extern C:\MCC18\SRC\TRADIT~1\PROC\p18f6720.asm
               EECON1bits   0x000fa6       data     extern C:\MCC18\SRC\TRADIT~1\PROC\p18f6720.asm
                   EECON2   0x000fa7       data     extern C:\MCC18\SRC\TRADIT~1\PROC\p18f6720.asm
                   EEDATA   0x000fa8       data     extern C:\MCC18\SRC\TRADIT~1\PROC\p18f6720.asm
                     FSR0   0x000fe9       data     extern C:\MCC18\SRC\TRADIT~1\PROC\p18f6720.asm
                    FSR0H   0x000fea       data     extern C:\MCC18\SRC\TRADIT~1\PROC\p18f6720.asm
                    FSR0L   0x000fe9       data     extern C:\MCC18\SRC\TRADIT~1\PROC\p18f6720.asm
                     FSR1   0x000fe1       data     extern C:\MCC18\SRC\TRADIT~1\PROC\p18f6720.asm
                    FSR1H   0x000fe2       data     extern C:\MCC18\SRC\TRADIT~1\PROC\p18f6720.asm
                    FSR1L   0x000fe1       data     extern C:\MCC18\SRC\TRADIT~1\PROC\p18f6720.asm
                     FSR2   0x000fd9       data     extern C:\MCC18\SRC\TRADIT~1\PROC\p18f6720.asm
                    FSR2H   0x000fda       data     extern C:\MCC18\SRC\TRADIT~1\PROC\p18f6720.asm
                    FSR2L   0x000fd9       data     extern C:\MCC18\SRC\TRADIT~1\PROC\p18f6720.asm
                    INDF0   0x000fef       data     extern C:\MCC18\SRC\TRADIT~1\PROC\p18f6720.asm
                    INDF1   0x000fe7       data     extern C:\MCC18\SRC\TRADIT~1\PROC\p18f6720.asm
                    INDF2   0x000fdf       data     extern C:\MCC18\SRC\TRADIT~1\PROC\p18f6720.asm
                   INTCON   0x000ff2       data     extern C:\MCC18\SRC\TRADIT~1\PROC\p18f6720.asm
                  INTCON2   0x000ff1       data     extern C:\MCC18\SRC\TRADIT~1\PROC\p18f6720.asm
              INTCON2bits   0x000ff1       data     extern C:\MCC18\SRC\TRADIT~1\PROC\p18f6720.asm
                  INTCON3   0x000ff0       data     extern C:\MCC18\SRC\TRADIT~1\PROC\p18f6720.asm
              INTCON3bits   0x000ff0       data     extern C:\MCC18\SRC\TRADIT~1\PROC\p18f6720.asm
               INTCONbits   0x000ff2       data     extern C:\MCC18\SRC\TRADIT~1\PROC\p18f6720.asm
                     IPR1   0x000f9f       data     extern C:\MCC18\SRC\TRADIT~1\PROC\p18f6720.asm
                 IPR1bits   0x000f9f       data     extern C:\MCC18\SRC\TRADIT~1\PROC\p18f6720.asm
                     IPR2   0x000fa2       data     extern C:\MCC18\SRC\TRADIT~1\PROC\p18f6720.asm
                 IPR2bits   0x000fa2       data     extern C:\MCC18\SRC\TRADIT~1\PROC\p18f6720.asm
                     IPR3   0x000fa5       data     extern C:\MCC18\SRC\TRADIT~1\PROC\p18f6720.asm
                 IPR3bits   0x000fa5       data     extern C:\MCC18\SRC\TRADIT~1\PROC\p18f6720.asm
                     LATA   0x000f89       data     extern C:\MCC18\SRC\TRADIT~1\PROC\p18f6720.asm
                 LATAbits   0x000f89       data     extern C:\MCC18\SRC\TRADIT~1\PROC\p18f6720.asm
                     LATB   0x000f8a       data     extern C:\MCC18\SRC\TRADIT~1\PROC\p18f6720.asm
                 LATBbits   0x000f8a       data     extern C:\MCC18\SRC\TRADIT~1\PROC\p18f6720.asm
                     LATC   0x000f8b       data     extern C:\MCC18\SRC\TRADIT~1\PROC\p18f6720.asm
                 LATCbits   0x000f8b       data     extern C:\MCC18\SRC\TRADIT~1\PROC\p18f6720.asm
                     LATD   0x000f8c       data     extern C:\MCC18\SRC\TRADIT~1\PROC\p18f6720.asm
                 LATDbits   0x000f8c       data     extern C:\MCC18\SRC\TRADIT~1\PROC\p18f6720.asm
                     LATE   0x000f8d       data     extern C:\MCC18\SRC\TRADIT~1\PROC\p18f6720.asm
                 LATEbits   0x000f8d       data     extern C:\MCC18\SRC\TRADIT~1\PROC\p18f6720.asm
                     LATF   0x000f8e       data     extern C:\MCC18\SRC\TRADIT~1\PROC\p18f6720.asm
                 LATFbits   0x000f8e       data     extern C:\MCC18\SRC\TRADIT~1\PROC\p18f6720.asm
                     LATG   0x000f8f       data     extern C:\MCC18\SRC\TRADIT~1\PROC\p18f6720.asm
                 LATGbits   0x000f8f       data     extern C:\MCC18\SRC\TRADIT~1\PROC\p18f6720.asm
                   LVDCON   0x000fd2       data     extern C:\MCC18\SRC\TRADIT~1\PROC\p18f6720.asm
               LVDCONbits   0x000fd2       data     extern C:\MCC18\SRC\TRADIT~1\PROC\p18f6720.asm
                   OSCCON   0x000fd3       data     extern C:\MCC18\SRC\TRADIT~1\PROC\p18f6720.asm
               OSCCONbits   0x000fd3       data     extern C:\MCC18\SRC\TRADIT~1\PROC\p18f6720.asm
                     PAR1   0x000060       data     extern C:\Work_Mk\lib4xx\UsApp_Lib\Source\OS_Def.asm
                    PAR10   0x000069       data     extern C:\Work_Mk\lib4xx\UsApp_Lib\Source\OS_Def.asm
                    PAR11   0x00006a       data     extern C:\Work_Mk\lib4xx\UsApp_Lib\Source\OS_Def.asm
                    PAR12   0x00006b       data     extern C:\Work_Mk\lib4xx\UsApp_Lib\Source\OS_Def.asm
                    PAR13   0x00006c       data     extern C:\Work_Mk\lib4xx\UsApp_Lib\Source\OS_Def.asm
                    PAR14   0x00006d       data     extern C:\Work_Mk\lib4xx\UsApp_Lib\Source\OS_Def.asm
                    PAR15   0x00006e       data     extern C:\Work_Mk\lib4xx\UsApp_Lib\Source\OS_Def.asm
                    PAR16   0x00006f       data     extern C:\Work_Mk\lib4xx\UsApp_Lib\Source\OS_Def.asm
                    PAR17   0x000070       data     extern C:\Work_Mk\lib4xx\UsApp_Lib\Source\OS_Def.asm
                    PAR18   0x000071       data     extern C:\Work_Mk\lib4xx\UsApp_Lib\Source\OS_Def.asm
                    PAR19   0x000072       data     extern C:\Work_Mk\lib4xx\UsApp_Lib\Source\OS_Def.asm
                     PAR2   0x000061       data     extern C:\Work_Mk\lib4xx\UsApp_Lib\Source\OS_Def.asm
                    PAR20   0x000073       data     extern C:\Work_Mk\lib4xx\UsApp_Lib\Source\OS_Def.asm
                    PAR21   0x000074       data     extern C:\Work_Mk\lib4xx\UsApp_Lib\Source\OS_Def.asm
                    PAR22   0x000075       data     extern C:\Work_Mk\lib4xx\UsApp_Lib\Source\OS_Def.asm
                    PAR23   0x000076       data     extern C:\Work_Mk\lib4xx\UsApp_Lib\Source\OS_Def.asm
                    PAR24   0x000077       data     extern C:\Work_Mk\lib4xx\UsApp_Lib\Source\OS_Def.asm
                    PAR25   0x000078       data     extern C:\Work_Mk\lib4xx\UsApp_Lib\Source\OS_Def.asm
                    PAR26   0x000079       data     extern C:\Work_Mk\lib4xx\UsApp_Lib\Source\OS_Def.asm
                    PAR27   0x00007a       data     extern C:\Work_Mk\lib4xx\UsApp_Lib\Source\OS_Def.asm
                    PAR28   0x00007b       data     extern C:\Work_Mk\lib4xx\UsApp_Lib\Source\OS_Def.asm
                    PAR29   0x00007c       data     extern C:\Work_Mk\lib4xx\UsApp_Lib\Source\OS_Def.asm
                     PAR3   0x000062       data     extern C:\Work_Mk\lib4xx\UsApp_Lib\Source\OS_Def.asm
                    PAR30   0x00007d       data     extern C:\Work_Mk\lib4xx\UsApp_Lib\Source\OS_Def.asm
                    PAR31   0x00007e       data     extern C:\Work_Mk\lib4xx\UsApp_Lib\Source\OS_Def.asm
                    PAR32   0x00007f       data     extern C:\Work_Mk\lib4xx\UsApp_Lib\Source\OS_Def.asm
                     PAR4   0x000063       data     extern C:\Work_Mk\lib4xx\UsApp_Lib\Source\OS_Def.asm
                     PAR5   0x000064       data     extern C:\Work_Mk\lib4xx\UsApp_Lib\Source\OS_Def.asm
                     PAR6   0x000065       data     extern C:\Work_Mk\lib4xx\UsApp_Lib\Source\OS_Def.asm
                     PAR7   0x000066       data     extern C:\Work_Mk\lib4xx\UsApp_Lib\Source\OS_Def.asm
                     PAR8   0x000067       data     extern C:\Work_Mk\lib4xx\UsApp_Lib\Source\OS_Def.asm
                     PAR9   0x000068       data     extern C:\Work_Mk\lib4xx\UsApp_Lib\Source\OS_Def.asm
                       PC   0x000ff9       data     extern C:\MCC18\SRC\TRADIT~1\PROC\p18f6720.asm
                      PCL   0x000ff9       data     extern C:\MCC18\SRC\TRADIT~1\PROC\p18f6720.asm
                   PCLATH   0x000ffa       data     extern C:\MCC18\SRC\TRADIT~1\PROC\p18f6720.asm
                   PCLATU   0x000ffb       data     extern C:\MCC18\SRC\TRADIT~1\PROC\p18f6720.asm
                     PIE1   0x000f9d       data     extern C:\MCC18\SRC\TRADIT~1\PROC\p18f6720.asm
                 PIE1bits   0x000f9d       data     extern C:\MCC18\SRC\TRADIT~1\PROC\p18f6720.asm
                     PIE2   0x000fa0       data     extern C:\MCC18\SRC\TRADIT~1\PROC\p18f6720.asm
                 PIE2bits   0x000fa0       data     extern C:\MCC18\SRC\TRADIT~1\PROC\p18f6720.asm
                     PIE3   0x000fa3       data     extern C:\MCC18\SRC\TRADIT~1\PROC\p18f6720.asm
                 PIE3bits   0x000fa3       data     extern C:\MCC18\SRC\TRADIT~1\PROC\p18f6720.asm
                     PIR1   0x000f9e       data     extern C:\MCC18\SRC\TRADIT~1\PROC\p18f6720.asm
                 PIR1bits   0x000f9e       data     extern C:\MCC18\SRC\TRADIT~1\PROC\p18f6720.asm
                     PIR2   0x000fa1       data     extern C:\MCC18\SRC\TRADIT~1\PROC\p18f6720.asm
                 PIR2bits   0x000fa1       data     extern C:\MCC18\SRC\TRADIT~1\PROC\p18f6720.asm
                     PIR3   0x000fa4       data     extern C:\MCC18\SRC\TRADIT~1\PROC\p18f6720.asm
                 PIR3bits   0x000fa4       data     extern C:\MCC18\SRC\TRADIT~1\PROC\p18f6720.asm
                   PLUSW0   0x000feb       data     extern C:\MCC18\SRC\TRADIT~1\PROC\p18f6720.asm
                   PLUSW1   0x000fe3       data     extern C:\MCC18\SRC\TRADIT~1\PROC\p18f6720.asm
                   PLUSW2   0x000fdb       data     extern C:\MCC18\SRC\TRADIT~1\PROC\p18f6720.asm
                    PORTA   0x000f80       data     extern C:\MCC18\SRC\TRADIT~1\PROC\p18f6720.asm
                PORTAbits   0x000f80       data     extern C:\MCC18\SRC\TRADIT~1\PROC\p18f6720.asm
                    PORTB   0x000f81       data     extern C:\MCC18\SRC\TRADIT~1\PROC\p18f6720.asm
                PORTBbits   0x000f81       data     extern C:\MCC18\SRC\TRADIT~1\PROC\p18f6720.asm
                    PORTC   0x000f82       data     extern C:\MCC18\SRC\TRADIT~1\PROC\p18f6720.asm
                PORTCbits   0x000f82       data     extern C:\MCC18\SRC\TRADIT~1\PROC\p18f6720.asm
                    PORTD   0x000f83       data     extern C:\MCC18\SRC\TRADIT~1\PROC\p18f6720.asm
                PORTDbits   0x000f83       data     extern C:\MCC18\SRC\TRADIT~1\PROC\p18f6720.asm
                    PORTE   0x000f84       data     extern C:\MCC18\SRC\TRADIT~1\PROC\p18f6720.asm
                PORTEbits   0x000f84       data     extern C:\MCC18\SRC\TRADIT~1\PROC\p18f6720.asm
                    PORTF   0x000f85       data     extern C:\MCC18\SRC\TRADIT~1\PROC\p18f6720.asm
                PORTFbits   0x000f85       data     extern C:\MCC18\SRC\TRADIT~1\PROC\p18f6720.asm
                    PORTG   0x000f86       data     extern C:\MCC18\SRC\TRADIT~1\PROC\p18f6720.asm
                PORTGbits   0x000f86       data     extern C:\MCC18\SRC\TRADIT~1\PROC\p18f6720.asm
                 POSTDEC0   0x000fed       data     extern C:\MCC18\SRC\TRADIT~1\PROC\p18f6720.asm
                 POSTDEC1   0x000fe5       data     extern C:\MCC18\SRC\TRADIT~1\PROC\p18f6720.asm
                 POSTDEC2   0x000fdd       data     extern C:\MCC18\SRC\TRADIT~1\PROC\p18f6720.asm
                 POSTINC0   0x000fee       data     extern C:\MCC18\SRC\TRADIT~1\PROC\p18f6720.asm
                 POSTINC1   0x000fe6       data     extern C:\MCC18\SRC\TRADIT~1\PROC\p18f6720.asm
                 POSTINC2   0x000fde       data     extern C:\MCC18\SRC\TRADIT~1\PROC\p18f6720.asm
                      PR2   0x000fcb       data     extern C:\MCC18\SRC\TRADIT~1\PROC\p18f6720.asm
                      PR4   0x000f77       data     extern C:\MCC18\SRC\TRADIT~1\PROC\p18f6720.asm
                  PREINC0   0x000fec       data     extern C:\MCC18\SRC\TRADIT~1\PROC\p18f6720.asm
                  PREINC1   0x000fe4       data     extern C:\MCC18\SRC\TRADIT~1\PROC\p18f6720.asm
                  PREINC2   0x000fdc       data     extern C:\MCC18\SRC\TRADIT~1\PROC\p18f6720.asm
                     PROD   0x000ff3       data     extern C:\MCC18\SRC\TRADIT~1\PROC\p18f6720.asm
                    PRODH   0x000ff4       data     extern C:\MCC18\SRC\TRADIT~1\PROC\p18f6720.asm
                    PRODL   0x000ff3       data     extern C:\MCC18\SRC\TRADIT~1\PROC\p18f6720.asm
                   PSPCON   0x000fb0       data     extern C:\MCC18\SRC\TRADIT~1\PROC\p18f6720.asm
               PSPCONbits   0x000fb0       data     extern C:\MCC18\SRC\TRADIT~1\PROC\p18f6720.asm
                 PTR_PAR1   0x000060       data     extern C:\Work_Mk\lib4xx\UsApp_Lib\Source\OS_Def.asm
                PTR_PAR10   0x000069       data     extern C:\Work_Mk\lib4xx\UsApp_Lib\Source\OS_Def.asm
                PTR_PAR11   0x00006a       data     extern C:\Work_Mk\lib4xx\UsApp_Lib\Source\OS_Def.asm
                PTR_PAR12   0x00006b       data     extern C:\Work_Mk\lib4xx\UsApp_Lib\Source\OS_Def.asm
                PTR_PAR13   0x00006c       data     extern C:\Work_Mk\lib4xx\UsApp_Lib\Source\OS_Def.asm
                PTR_PAR14   0x00006d       data     extern C:\Work_Mk\lib4xx\UsApp_Lib\Source\OS_Def.asm
                PTR_PAR15   0x00006e       data     extern C:\Work_Mk\lib4xx\UsApp_Lib\Source\OS_Def.asm
                PTR_PAR16   0x00006f       data     extern C:\Work_Mk\lib4xx\UsApp_Lib\Source\OS_Def.asm
                PTR_PAR17   0x000070       data     extern C:\Work_Mk\lib4xx\UsApp_Lib\Source\OS_Def.asm
                PTR_PAR18   0x000071       data     extern C:\Work_Mk\lib4xx\UsApp_Lib\Source\OS_Def.asm
                PTR_PAR19   0x000072       data     extern C:\Work_Mk\lib4xx\UsApp_Lib\Source\OS_Def.asm
                 PTR_PAR2   0x000061       data     extern C:\Work_Mk\lib4xx\UsApp_Lib\Source\OS_Def.asm
                PTR_PAR20   0x000073       data     extern C:\Work_Mk\lib4xx\UsApp_Lib\Source\OS_Def.asm
                PTR_PAR21   0x000074       data     extern C:\Work_Mk\lib4xx\UsApp_Lib\Source\OS_Def.asm
                PTR_PAR22   0x000075       data     extern C:\Work_Mk\lib4xx\UsApp_Lib\Source\OS_Def.asm
                PTR_PAR23   0x000076       data     extern C:\Work_Mk\lib4xx\UsApp_Lib\Source\OS_Def.asm
                PTR_PAR24   0x000077       data     extern C:\Work_Mk\lib4xx\UsApp_Lib\Source\OS_Def.asm
                PTR_PAR25   0x000078       data     extern C:\Work_Mk\lib4xx\UsApp_Lib\Source\OS_Def.asm
                PTR_PAR26   0x000079       data     extern C:\Work_Mk\lib4xx\UsApp_Lib\Source\OS_Def.asm
                PTR_PAR27   0x00007a       data     extern C:\Work_Mk\lib4xx\UsApp_Lib\Source\OS_Def.asm
                PTR_PAR28   0x00007b       data     extern C:\Work_Mk\lib4xx\UsApp_Lib\Source\OS_Def.asm
                PTR_PAR29   0x00007c       data     extern C:\Work_Mk\lib4xx\UsApp_Lib\Source\OS_Def.asm
                 PTR_PAR3   0x000062       data     extern C:\Work_Mk\lib4xx\UsApp_Lib\Source\OS_Def.asm
                PTR_PAR30   0x00007d       data     extern C:\Work_Mk\lib4xx\UsApp_Lib\Source\OS_Def.asm
                PTR_PAR31   0x00007e       data     extern C:\Work_Mk\lib4xx\UsApp_Lib\Source\OS_Def.asm
                PTR_PAR32   0x00007f       data     extern C:\Work_Mk\lib4xx\UsApp_Lib\Source\OS_Def.asm
                 PTR_PAR4   0x000063       data     extern C:\Work_Mk\lib4xx\UsApp_Lib\Source\OS_Def.asm
                 PTR_PAR5   0x000064       data     extern C:\Work_Mk\lib4xx\UsApp_Lib\Source\OS_Def.asm
                 PTR_PAR6   0x000065       data     extern C:\Work_Mk\lib4xx\UsApp_Lib\Source\OS_Def.asm
                 PTR_PAR7   0x000066       data     extern C:\Work_Mk\lib4xx\UsApp_Lib\Source\OS_Def.asm
                 PTR_PAR8   0x000067       data     extern C:\Work_Mk\lib4xx\UsApp_Lib\Source\OS_Def.asm
                 PTR_PAR9   0x000068       data     extern C:\Work_Mk\lib4xx\UsApp_Lib\Source\OS_Def.asm
                    Port1   0x000c41       data     static D:\Kostya\dev\workspace\electronic\MPLAB\TEST.c
                     RCON   0x000fd0       data     extern C:\MCC18\SRC\TRADIT~1\PROC\p18f6720.asm
                 RCONbits   0x000fd0       data     extern C:\MCC18\SRC\TRADIT~1\PROC\p18f6720.asm
                   RCREG1   0x000fae       data     extern C:\MCC18\SRC\TRADIT~1\PROC\p18f6720.asm
                   RCREG2   0x000f6e       data     extern C:\MCC18\SRC\TRADIT~1\PROC\p18f6720.asm
                    RCSTA   0x000fab       data     extern C:\MCC18\SRC\TRADIT~1\PROC\p18f6720.asm
                   RCSTA1   0x000fab       data     extern C:\MCC18\SRC\TRADIT~1\PROC\p18f6720.asm
               RCSTA1bits   0x000fab       data     extern C:\MCC18\SRC\TRADIT~1\PROC\p18f6720.asm
                   RCSTA2   0x000f6b       data     extern C:\MCC18\SRC\TRADIT~1\PROC\p18f6720.asm
               RCSTA2bits   0x000f6b       data     extern C:\MCC18\SRC\TRADIT~1\PROC\p18f6720.asm
                RCSTAbits   0x000fab       data     extern C:\MCC18\SRC\TRADIT~1\PROC\p18f6720.asm
               SHORT_PAR1   0x000060       data     extern C:\Work_Mk\lib4xx\UsApp_Lib\Source\OS_Def.asm
              SHORT_PAR10   0x000069       data     extern C:\Work_Mk\lib4xx\UsApp_Lib\Source\OS_Def.asm
              SHORT_PAR11   0x00006a       data     extern C:\Work_Mk\lib4xx\UsApp_Lib\Source\OS_Def.asm
              SHORT_PAR12   0x00006b       data     extern C:\Work_Mk\lib4xx\UsApp_Lib\Source\OS_Def.asm
              SHORT_PAR13   0x00006c       data     extern C:\Work_Mk\lib4xx\UsApp_Lib\Source\OS_Def.asm
              SHORT_PAR14   0x00006d       data     extern C:\Work_Mk\lib4xx\UsApp_Lib\Source\OS_Def.asm
              SHORT_PAR15   0x00006e       data     extern C:\Work_Mk\lib4xx\UsApp_Lib\Source\OS_Def.asm
              SHORT_PAR16   0x00006f       data     extern C:\Work_Mk\lib4xx\UsApp_Lib\Source\OS_Def.asm
              SHORT_PAR17   0x000070       data     extern C:\Work_Mk\lib4xx\UsApp_Lib\Source\OS_Def.asm
              SHORT_PAR18   0x000071       data     extern C:\Work_Mk\lib4xx\UsApp_Lib\Source\OS_Def.asm
              SHORT_PAR19   0x000072       data     extern C:\Work_Mk\lib4xx\UsApp_Lib\Source\OS_Def.asm
               SHORT_PAR2   0x000061       data     extern C:\Work_Mk\lib4xx\UsApp_Lib\Source\OS_Def.asm
              SHORT_PAR20   0x000073       data     extern C:\Work_Mk\lib4xx\UsApp_Lib\Source\OS_Def.asm
              SHORT_PAR21   0x000074       data     extern C:\Work_Mk\lib4xx\UsApp_Lib\Source\OS_Def.asm
              SHORT_PAR22   0x000075       data     extern C:\Work_Mk\lib4xx\UsApp_Lib\Source\OS_Def.asm
              SHORT_PAR23   0x000076       data     extern C:\Work_Mk\lib4xx\UsApp_Lib\Source\OS_Def.asm
              SHORT_PAR24   0x000077       data     extern C:\Work_Mk\lib4xx\UsApp_Lib\Source\OS_Def.asm
              SHORT_PAR25   0x000078       data     extern C:\Work_Mk\lib4xx\UsApp_Lib\Source\OS_Def.asm
              SHORT_PAR26   0x000079       data     extern C:\Work_Mk\lib4xx\UsApp_Lib\Source\OS_Def.asm
              SHORT_PAR27   0x00007a       data     extern C:\Work_Mk\lib4xx\UsApp_Lib\Source\OS_Def.asm
              SHORT_PAR28   0x00007b       data     extern C:\Work_Mk\lib4xx\UsApp_Lib\Source\OS_Def.asm
              SHORT_PAR29   0x00007c       data     extern C:\Work_Mk\lib4xx\UsApp_Lib\Source\OS_Def.asm
               SHORT_PAR3   0x000062       data     extern C:\Work_Mk\lib4xx\UsApp_Lib\Source\OS_Def.asm
              SHORT_PAR30   0x00007d       data     extern C:\Work_Mk\lib4xx\UsApp_Lib\Source\OS_Def.asm
              SHORT_PAR31   0x00007e       data     extern C:\Work_Mk\lib4xx\UsApp_Lib\Source\OS_Def.asm
              SHORT_PAR32   0x00007f       data     extern C:\Work_Mk\lib4xx\UsApp_Lib\Source\OS_Def.asm
               SHORT_PAR4   0x000063       data     extern C:\Work_Mk\lib4xx\UsApp_Lib\Source\OS_Def.asm
               SHORT_PAR5   0x000064       data     extern C:\Work_Mk\lib4xx\UsApp_Lib\Source\OS_Def.asm
               SHORT_PAR6   0x000065       data     extern C:\Work_Mk\lib4xx\UsApp_Lib\Source\OS_Def.asm
               SHORT_PAR7   0x000066       data     extern C:\Work_Mk\lib4xx\UsApp_Lib\Source\OS_Def.asm
               SHORT_PAR8   0x000067       data     extern C:\Work_Mk\lib4xx\UsApp_Lib\Source\OS_Def.asm
               SHORT_PAR9   0x000068       data     extern C:\Work_Mk\lib4xx\UsApp_Lib\Source\OS_Def.asm
                    SPBRG   0x000faf       data     extern C:\MCC18\SRC\TRADIT~1\PROC\p18f6720.asm
                   SPBRG1   0x000faf       data     extern C:\MCC18\SRC\TRADIT~1\PROC\p18f6720.asm
                   SPBRG2   0x000f6f       data     extern C:\MCC18\SRC\TRADIT~1\PROC\p18f6720.asm
                   SSPADD   0x000fc8       data     extern C:\MCC18\SRC\TRADIT~1\PROC\p18f6720.asm
                   SSPBUF   0x000fc9       data     extern C:\MCC18\SRC\TRADIT~1\PROC\p18f6720.asm
                  SSPCON1   0x000fc6       data     extern C:\MCC18\SRC\TRADIT~1\PROC\p18f6720.asm
              SSPCON1bits   0x000fc6       data     extern C:\MCC18\SRC\TRADIT~1\PROC\p18f6720.asm
                  SSPCON2   0x000fc5       data     extern C:\MCC18\SRC\TRADIT~1\PROC\p18f6720.asm
              SSPCON2bits   0x000fc5       data     extern C:\MCC18\SRC\TRADIT~1\PROC\p18f6720.asm
                  SSPSTAT   0x000fc7       data     extern C:\MCC18\SRC\TRADIT~1\PROC\p18f6720.asm
              SSPSTATbits   0x000fc7       data     extern C:\MCC18\SRC\TRADIT~1\PROC\p18f6720.asm
              STACK_BEGIN   0x000e00       data     static D:\Kostya\dev\workspace\electronic\MPLAB\TEST_Vectors.asm
                   STATUS   0x000fd8       data     extern C:\MCC18\SRC\TRADIT~1\PROC\p18f6720.asm
               STATUSbits   0x000fd8       data     extern C:\MCC18\SRC\TRADIT~1\PROC\p18f6720.asm
                   STKPTR   0x000ffc       data     extern C:\MCC18\SRC\TRADIT~1\PROC\p18f6720.asm
               STKPTRbits   0x000ffc       data     extern C:\MCC18\SRC\TRADIT~1\PROC\p18f6720.asm
                    T0CON   0x000fd5       data     extern C:\MCC18\SRC\TRADIT~1\PROC\p18f6720.asm
                T0CONbits   0x000fd5       data     extern C:\MCC18\SRC\TRADIT~1\PROC\p18f6720.asm
                    T1CON   0x000fcd       data     extern C:\MCC18\SRC\TRADIT~1\PROC\p18f6720.asm
                T1CONbits   0x000fcd       data     extern C:\MCC18\SRC\TRADIT~1\PROC\p18f6720.asm
                    T2CON   0x000fca       data     extern C:\MCC18\SRC\TRADIT~1\PROC\p18f6720.asm
                T2CONbits   0x000fca       data     extern C:\MCC18\SRC\TRADIT~1\PROC\p18f6720.asm
                    T3CON   0x000fb1       data     extern C:\MCC18\SRC\TRADIT~1\PROC\p18f6720.asm
                T3CONbits   0x000fb1       data     extern C:\MCC18\SRC\TRADIT~1\PROC\p18f6720.asm
                    T4CON   0x000f76       data     extern C:\MCC18\SRC\TRADIT~1\PROC\p18f6720.asm
                T4CONbits   0x000f76       data     extern C:\MCC18\SRC\TRADIT~1\PROC\p18f6720.asm
                   TABLAT   0x000ff5       data     extern C:\MCC18\SRC\TRADIT~1\PROC\p18f6720.asm
                   TBLPTR   0x000ff6       data     extern C:\MCC18\SRC\TRADIT~1\PROC\p18f6720.asm
                  TBLPTRH   0x000ff7       data     extern C:\MCC18\SRC\TRADIT~1\PROC\p18f6720.asm
                  TBLPTRL   0x000ff6       data     extern C:\MCC18\SRC\TRADIT~1\PROC\p18f6720.asm
                  TBLPTRU   0x000ff8       data     extern C:\MCC18\SRC\TRADIT~1\PROC\p18f6720.asm
                    TEMP1   0x000010       data     extern C:\Work_Mk\lib4xx\UsApp_Lib\Source\OS_Def.asm
                   TEMP10   0x000019       data     extern C:\Work_Mk\lib4xx\UsApp_Lib\Source\OS_Def.asm
                   TEMP11   0x00001a       data     extern C:\Work_Mk\lib4xx\UsApp_Lib\Source\OS_Def.asm
                   TEMP12   0x00001b       data     extern C:\Work_Mk\lib4xx\UsApp_Lib\Source\OS_Def.asm
                   TEMP13   0x00001c       data     extern C:\Work_Mk\lib4xx\UsApp_Lib\Source\OS_Def.asm
                   TEMP14   0x00001d       data     extern C:\Work_Mk\lib4xx\UsApp_Lib\Source\OS_Def.asm
                   TEMP15   0x00001e       data     extern C:\Work_Mk\lib4xx\UsApp_Lib\Source\OS_Def.asm
                   TEMP16   0x00001f       data     extern C:\Work_Mk\lib4xx\UsApp_Lib\Source\OS_Def.asm
                   TEMP17   0x000020       data     extern C:\Work_Mk\lib4xx\UsApp_Lib\Source\OS_Def.asm
                   TEMP18   0x000021       data     extern C:\Work_Mk\lib4xx\UsApp_Lib\Source\OS_Def.asm
                   TEMP19   0x000022       data     extern C:\Work_Mk\lib4xx\UsApp_Lib\Source\OS_Def.asm
                    TEMP2   0x000011       data     extern C:\Work_Mk\lib4xx\UsApp_Lib\Source\OS_Def.asm
                   TEMP20   0x000023       data     extern C:\Work_Mk\lib4xx\UsApp_Lib\Source\OS_Def.asm
                   TEMP21   0x000024       data     extern C:\Work_Mk\lib4xx\UsApp_Lib\Source\OS_Def.asm
                   TEMP22   0x000025       data     extern C:\Work_Mk\lib4xx\UsApp_Lib\Source\OS_Def.asm
                   TEMP23   0x000026       data     extern C:\Work_Mk\lib4xx\UsApp_Lib\Source\OS_Def.asm
                   TEMP24   0x000027       data     extern C:\Work_Mk\lib4xx\UsApp_Lib\Source\OS_Def.asm
                   TEMP25   0x000028       data     extern C:\Work_Mk\lib4xx\UsApp_Lib\Source\OS_Def.asm
                   TEMP26   0x000029       data     extern C:\Work_Mk\lib4xx\UsApp_Lib\Source\OS_Def.asm
                   TEMP27   0x00002a       data     extern C:\Work_Mk\lib4xx\UsApp_Lib\Source\OS_Def.asm
                   TEMP28   0x00002b       data     extern C:\Work_Mk\lib4xx\UsApp_Lib\Source\OS_Def.asm
                   TEMP29   0x00002c       data     extern C:\Work_Mk\lib4xx\UsApp_Lib\Source\OS_Def.asm
                    TEMP3   0x000012       data     extern C:\Work_Mk\lib4xx\UsApp_Lib\Source\OS_Def.asm
                   TEMP30   0x00002d       data     extern C:\Work_Mk\lib4xx\UsApp_Lib\Source\OS_Def.asm
                   TEMP31   0x00002e       data     extern C:\Work_Mk\lib4xx\UsApp_Lib\Source\OS_Def.asm
                   TEMP32   0x00002f       data     extern C:\Work_Mk\lib4xx\UsApp_Lib\Source\OS_Def.asm
                    TEMP4   0x000013       data     extern C:\Work_Mk\lib4xx\UsApp_Lib\Source\OS_Def.asm
                    TEMP5   0x000014       data     extern C:\Work_Mk\lib4xx\UsApp_Lib\Source\OS_Def.asm
                    TEMP6   0x000015       data     extern C:\Work_Mk\lib4xx\UsApp_Lib\Source\OS_Def.asm
                    TEMP7   0x000016       data     extern C:\Work_Mk\lib4xx\UsApp_Lib\Source\OS_Def.asm
                    TEMP8   0x000017       data     extern C:\Work_Mk\lib4xx\UsApp_Lib\Source\OS_Def.asm
                    TEMP9   0x000018       data     extern C:\Work_Mk\lib4xx\UsApp_Lib\Source\OS_Def.asm
                    TMR0H   0x000fd7       data     extern C:\MCC18\SRC\TRADIT~1\PROC\p18f6720.asm
                    TMR0L   0x000fd6       data     extern C:\MCC18\SRC\TRADIT~1\PROC\p18f6720.asm
                    TMR1H   0x000fcf       data     extern C:\MCC18\SRC\TRADIT~1\PROC\p18f6720.asm
                    TMR1L   0x000fce       data     extern C:\MCC18\SRC\TRADIT~1\PROC\p18f6720.asm
                     TMR2   0x000fcc       data     extern C:\MCC18\SRC\TRADIT~1\PROC\p18f6720.asm
                    TMR3H   0x000fb3       data     extern C:\MCC18\SRC\TRADIT~1\PROC\p18f6720.asm
                    TMR3L   0x000fb2       data     extern C:\MCC18\SRC\TRADIT~1\PROC\p18f6720.asm
                     TMR4   0x000f78       data     extern C:\MCC18\SRC\TRADIT~1\PROC\p18f6720.asm
                      TOS   0x000ffd       data     extern C:\MCC18\SRC\TRADIT~1\PROC\p18f6720.asm
                     TOSH   0x000ffe       data     extern C:\MCC18\SRC\TRADIT~1\PROC\p18f6720.asm
                     TOSL   0x000ffd       data     extern C:\MCC18\SRC\TRADIT~1\PROC\p18f6720.asm
                     TOSU   0x000fff       data     extern C:\MCC18\SRC\TRADIT~1\PROC\p18f6720.asm
                    TRISA   0x000f92       data     extern C:\MCC18\SRC\TRADIT~1\PROC\p18f6720.asm
                TRISAbits   0x000f92       data     extern C:\MCC18\SRC\TRADIT~1\PROC\p18f6720.asm
                    TRISB   0x000f93       data     extern C:\MCC18\SRC\TRADIT~1\PROC\p18f6720.asm
                TRISBbits   0x000f93       data     extern C:\MCC18\SRC\TRADIT~1\PROC\p18f6720.asm
                    TRISC   0x000f94       data     extern C:\MCC18\SRC\TRADIT~1\PROC\p18f6720.asm
                TRISCbits   0x000f94       data     extern C:\MCC18\SRC\TRADIT~1\PROC\p18f6720.asm
                    TRISD   0x000f95       data     extern C:\MCC18\SRC\TRADIT~1\PROC\p18f6720.asm
                TRISDbits   0x000f95       data     extern C:\MCC18\SRC\TRADIT~1\PROC\p18f6720.asm
                    TRISE   0x000f96       data     extern C:\MCC18\SRC\TRADIT~1\PROC\p18f6720.asm
                TRISEbits   0x000f96       data     extern C:\MCC18\SRC\TRADIT~1\PROC\p18f6720.asm
                    TRISF   0x000f97       data     extern C:\MCC18\SRC\TRADIT~1\PROC\p18f6720.asm
                TRISFbits   0x000f97       data     extern C:\MCC18\SRC\TRADIT~1\PROC\p18f6720.asm
                    TRISG   0x000f98       data     extern C:\MCC18\SRC\TRADIT~1\PROC\p18f6720.asm
                TRISGbits   0x000f98       data     extern C:\MCC18\SRC\TRADIT~1\PROC\p18f6720.asm
                    TXREG   0x000fad       data     extern C:\MCC18\SRC\TRADIT~1\PROC\p18f6720.asm
                   TXREG1   0x000fad       data     extern C:\MCC18\SRC\TRADIT~1\PROC\p18f6720.asm
                   TXREG2   0x000f6d       data     extern C:\MCC18\SRC\TRADIT~1\PROC\p18f6720.asm
                    TXSTA   0x000fac       data     extern C:\MCC18\SRC\TRADIT~1\PROC\p18f6720.asm
                   TXSTA1   0x000fac       data     extern C:\MCC18\SRC\TRADIT~1\PROC\p18f6720.asm
               TXSTA1bits   0x000fac       data     extern C:\MCC18\SRC\TRADIT~1\PROC\p18f6720.asm
                   TXSTA2   0x000f6c       data     extern C:\MCC18\SRC\TRADIT~1\PROC\p18f6720.asm
               TXSTA2bits   0x000f6c       data     extern C:\MCC18\SRC\TRADIT~1\PROC\p18f6720.asm
                TXSTAbits   0x000fac       data     extern C:\MCC18\SRC\TRADIT~1\PROC\p18f6720.asm
                     Temp   0x000c2d       data     static C:\Work_Mk\lib4xx\UsApp_Lib\Source\OS_Def_C.c
                     Temp   0x000c3b       data     static C:\Work_Mk\lib4xx\UsApp_Lib\Source\OS_Def_C.c
                     Temp   0x000c30       data     static C:\Work_Mk\lib4xx\UsApp_Lib\Source\OS_Def_C.c
                     Temp   0x000c40       data     static C:\Work_Mk\lib4xx\UsApp_Lib\Source\OS_Def_C.c
                     Temp   0x000c35       data     static C:\Work_Mk\lib4xx\UsApp_Lib\Source\OS_Def_C.c
                     Temp   0x000c38       data     static C:\Work_Mk\lib4xx\UsApp_Lib\Source\OS_Def_C.c
                   WDTCON   0x000fd1       data     extern C:\MCC18\SRC\TRADIT~1\PROC\p18f6720.asm
               WDTCONbits   0x000fd1       data     extern C:\MCC18\SRC\TRADIT~1\PROC\p18f6720.asm
                     WREG   0x000fe8       data     extern C:\MCC18\SRC\TRADIT~1\PROC\p18f6720.asm
                 __AARGB0   0x000037       data     extern E:\3.46\pic18-lt\cxx-framework\src\traditional\math\aarg.asm
                 __AARGB1   0x000036       data     extern E:\3.46\pic18-lt\cxx-framework\src\traditional\math\aarg.asm
                 __AARGB2   0x000035       data     extern E:\3.46\pic18-lt\cxx-framework\src\traditional\math\aarg.asm
                 __AARGB3   0x000034       data     extern E:\3.46\pic18-lt\cxx-framework\src\traditional\math\aarg.asm
                 __AARGB4   0x000033       data     extern E:\3.46\pic18-lt\cxx-framework\src\traditional\math\aarg.asm
                 __AARGB5   0x000032       data     extern E:\3.46\pic18-lt\cxx-framework\src\traditional\math\aarg.asm
                 __AARGB6   0x000031       data     extern E:\3.46\pic18-lt\cxx-framework\src\traditional\math\aarg.asm
                 __AARGB7   0x000030       data     extern E:\3.46\pic18-lt\cxx-framework\src\traditional\math\aarg.asm
                   __AEXP   0x000038       data     extern E:\3.46\pic18-lt\cxx-framework\src\traditional\math\aarg.asm
                  __REMB0   0x000033       data     extern E:\3.46\pic18-lt\cxx-framework\src\traditional\math\aarg.asm
                  __REMB1   0x000032       data     extern E:\3.46\pic18-lt\cxx-framework\src\traditional\math\aarg.asm
                  __REMB2   0x000031       data     extern E:\3.46\pic18-lt\cxx-framework\src\traditional\math\aarg.asm
                  __REMB3   0x000030       data     extern E:\3.46\pic18-lt\cxx-framework\src\traditional\math\aarg.asm
__begin_transaction_port1:0   0x000c31       data     extern C:\Work_Mk\lib4xx\UsApp_Lib\Source\OS_Def_C.c
__begin_transaction_port2:0   0x000c3c       data     extern C:\Work_Mk\lib4xx\UsApp_Lib\Source\OS_Def_C.c
       __get_modbus_bit:0   0x000c0d       data     extern C:\Work_Mk\lib4xx\UsApp_Lib\Source\OS_Def_C.c
       __get_modbus_bit:1   0x000c0f       data     extern C:\Work_Mk\lib4xx\UsApp_Lib\Source\OS_Def_C.c
       __get_modbus_bit:2   0x000c11       data     extern C:\Work_Mk\lib4xx\UsApp_Lib\Source\OS_Def_C.c
       __get_modbus_reg:0   0x000c00       data     extern C:\Work_Mk\lib4xx\UsApp_Lib\Source\OS_Def_C.c
       __get_modbus_reg:1   0x000c02       data     extern C:\Work_Mk\lib4xx\UsApp_Lib\Source\OS_Def_C.c
       __get_modbus_reg:2   0x000c04       data     extern C:\Work_Mk\lib4xx\UsApp_Lib\Source\OS_Def_C.c
   __get_operative_time:0   0x000c17       data     extern C:\Work_Mk\lib4xx\UsApp_Lib\Source\OS_Def_C.c
 __get_ptr_buffer_port1:0   0x000c2e       data     extern C:\Work_Mk\lib4xx\UsApp_Lib\Source\OS_Def_C.c
 __get_ptr_buffer_port2:0   0x000c39       data     extern C:\Work_Mk\lib4xx\UsApp_Lib\Source\OS_Def_C.c
__get_status_transaction_port1:0   0x000c33       data     extern C:\Work_Mk\lib4xx\UsApp_Lib\Source\OS_Def_C.c
__get_status_transaction_port2:0   0x000c3e       data     extern C:\Work_Mk\lib4xx\UsApp_Lib\Source\OS_Def_C.c
            __iee2mcflo:0   0x000c23       data     extern C:\Work_Mk\lib4xx\UsApp_Lib\Source\OS_Def_C.c
            __mcflo2iee:0   0x000c27       data     extern C:\Work_Mk\lib4xx\UsApp_Lib\Source\OS_Def_C.c
           __open_port1:0   0x000c2b       data     extern C:\Work_Mk\lib4xx\UsApp_Lib\Source\OS_Def_C.c
           __open_port2:0   0x000c36       data     extern C:\Work_Mk\lib4xx\UsApp_Lib\Source\OS_Def_C.c
       __set_modbus_bit:0   0x000c12       data     extern C:\Work_Mk\lib4xx\UsApp_Lib\Source\OS_Def_C.c
       __set_modbus_bit:1   0x000c14       data     extern C:\Work_Mk\lib4xx\UsApp_Lib\Source\OS_Def_C.c
       __set_modbus_bit:2   0x000c16       data     extern C:\Work_Mk\lib4xx\UsApp_Lib\Source\OS_Def_C.c
       __set_modbus_reg:0   0x000c05       data     extern C:\Work_Mk\lib4xx\UsApp_Lib\Source\OS_Def_C.c
       __set_modbus_reg:1   0x000c07       data     extern C:\Work_Mk\lib4xx\UsApp_Lib\Source\OS_Def_C.c
       __set_modbus_reg:2   0x000c09       data     extern C:\Work_Mk\lib4xx\UsApp_Lib\Source\OS_Def_C.c
   __set_operative_time:0   0x000c19       data     extern C:\Work_Mk\lib4xx\UsApp_Lib\Source\OS_Def_C.c
   __set_powersafe_reg3:0   0x000c1b       data     extern C:\Work_Mk\lib4xx\UsApp_Lib\Source\OS_Def_C.c
   __set_powersafe_reg4:0   0x000c1d       data     extern C:\Work_Mk\lib4xx\UsApp_Lib\Source\OS_Def_C.c
  __set_record_to_arhiv:0   0x000c1f       data     extern C:\Work_Mk\lib4xx\UsApp_Lib\Source\OS_Def_C.c
  __set_record_to_arhiv:1   0x000c21       data     extern C:\Work_Mk\lib4xx\UsApp_Lib\Source\OS_Def_C.c
  __set_record_to_arhiv:2   0x000c22       data     extern C:\Work_Mk\lib4xx\UsApp_Lib\Source\OS_Def_C.c
             __swap_reg:0   0x000c0a       data     extern C:\Work_Mk\lib4xx\UsApp_Lib\Source\OS_Def_C.c
             __swap_reg:1   0x000c0c       data     extern C:\Work_Mk\lib4xx\UsApp_Lib\Source\OS_Def_C.c
                data_type   0x000c21       data     static C:\Work_Mk\lib4xx\UsApp_Lib\Source\OS_Def_C.c
                   mb_adr   0x000c1f       data     static C:\Work_Mk\lib4xx\UsApp_Lib\Source\OS_Def_C.c
                   mb_adr   0x000c0d       data     static C:\Work_Mk\lib4xx\UsApp_Lib\Source\OS_Def_C.c
                   mb_adr   0x000c12       data     static C:\Work_Mk\lib4xx\UsApp_Lib\Source\OS_Def_C.c
                   mb_adr   0x000c00       data     static C:\Work_Mk\lib4xx\UsApp_Lib\Source\OS_Def_C.c
                   mb_adr   0x000c05       data     static C:\Work_Mk\lib4xx\UsApp_Lib\Source\OS_Def_C.c
                      num   0x000c04       data     static C:\Work_Mk\lib4xx\UsApp_Lib\Source\OS_Def_C.c
                      num   0x000c09       data     static C:\Work_Mk\lib4xx\UsApp_Lib\Source\OS_Def_C.c
                      num   0x000c0c       data     static C:\Work_Mk\lib4xx\UsApp_Lib\Source\OS_Def_C.c
                      num   0x000c11       data     static C:\Work_Mk\lib4xx\UsApp_Lib\Source\OS_Def_C.c
                      num   0x000c16       data     static C:\Work_Mk\lib4xx\UsApp_Lib\Source\OS_Def_C.c
                      num   0x000c22       data     static C:\Work_Mk\lib4xx\UsApp_Lib\Source\OS_Def_C.c
           ptr_PortHeader   0x000c31       data     static C:\Work_Mk\lib4xx\UsApp_Lib\Source\OS_Def_C.c
           ptr_PortHeader   0x000c33       data     static C:\Work_Mk\lib4xx\UsApp_Lib\Source\OS_Def_C.c
           ptr_PortHeader   0x000c36       data     static C:\Work_Mk\lib4xx\UsApp_Lib\Source\OS_Def_C.c
           ptr_PortHeader   0x000c39       data     static C:\Work_Mk\lib4xx\UsApp_Lib\Source\OS_Def_C.c
           ptr_PortHeader   0x000c3c       data     static C:\Work_Mk\lib4xx\UsApp_Lib\Source\OS_Def_C.c
           ptr_PortHeader   0x000c3e       data     static C:\Work_Mk\lib4xx\UsApp_Lib\Source\OS_Def_C.c
           ptr_PortHeader   0x000c2e       data     static C:\Work_Mk\lib4xx\UsApp_Lib\Source\OS_Def_C.c
           ptr_PortHeader   0x000c2b       data     static C:\Work_Mk\lib4xx\UsApp_Lib\Source\OS_Def_C.c
                  ptr_buf   0x000c19       data     static C:\Work_Mk\lib4xx\UsApp_Lib\Source\OS_Def_C.c
                  ptr_buf   0x000c17       data     static C:\Work_Mk\lib4xx\UsApp_Lib\Source\OS_Def_C.c
                  ptr_buf   0x000c14       data     static C:\Work_Mk\lib4xx\UsApp_Lib\Source\OS_Def_C.c
                  ptr_buf   0x000c0f       data     static C:\Work_Mk\lib4xx\UsApp_Lib\Source\OS_Def_C.c
                  ptr_buf   0x000c0a       data     static C:\Work_Mk\lib4xx\UsApp_Lib\Source\OS_Def_C.c
                  ptr_buf   0x000c07       data     static C:\Work_Mk\lib4xx\UsApp_Lib\Source\OS_Def_C.c
                  ptr_buf   0x000c02       data     static C:\Work_Mk\lib4xx\UsApp_Lib\Source\OS_Def_C.c
                 ptr_byte   0x000c48       data     static D:\Kostya\dev\workspace\electronic\MPLAB\TEST.c
                    s_val   0x000c1b       data     static C:\Work_Mk\lib4xx\UsApp_Lib\Source\OS_Def_C.c
                    s_val   0x000c1d       data     static C:\Work_Mk\lib4xx\UsApp_Lib\Source\OS_Def_C.c
                     temp   0x000c47       data     static D:\Kostya\dev\workspace\electronic\MPLAB\TEST.c
                      val   0x000c23       data     static C:\Work_Mk\lib4xx\UsApp_Lib\Source\OS_Def_C.c
                      val   0x000c27       data     static C:\Work_Mk\lib4xx\UsApp_Lib\Source\OS_Def_C.c



                              Symbols - Sorted by Address
                     Name    Address   Location    Storage File                     
                ---------  ---------  ---------  --------- ---------                
           SYS_MOD_ID_APP   0x000c80    program     extern C:\Work_Mk\lib4xx\UsApp_Lib\Source\OS_Def.asm
      SYS_GET_SCAN_STATUS   0x000c84    program     extern C:\Work_Mk\lib4xx\UsApp_Lib\Source\OS_Def.asm
       SYS_GET_MODBUS_REG   0x000c88    program     extern C:\Work_Mk\lib4xx\UsApp_Lib\Source\OS_Def.asm
       SYS_SET_MODBUS_REG   0x000c8c    program     extern C:\Work_Mk\lib4xx\UsApp_Lib\Source\OS_Def.asm
             SYS_SWAP_REG   0x000c90    program     extern C:\Work_Mk\lib4xx\UsApp_Lib\Source\OS_Def.asm
       SYS_GET_MODBUS_BIT   0x000c94    program     extern C:\Work_Mk\lib4xx\UsApp_Lib\Source\OS_Def.asm
       SYS_SET_MODBUS_BIT   0x000c98    program     extern C:\Work_Mk\lib4xx\UsApp_Lib\Source\OS_Def.asm
 SYS_LOCK_SHARED_RESOURCE   0x000c9c    program     extern C:\Work_Mk\lib4xx\UsApp_Lib\Source\OS_Def.asm
SYS_UNLOCK_SHARED_RESOURCE   0x000ca0    program     extern C:\Work_Mk\lib4xx\UsApp_Lib\Source\OS_Def.asm
   SYS_GET_OPERATIVE_TIME   0x000ca4    program     extern C:\Work_Mk\lib4xx\UsApp_Lib\Source\OS_Def.asm
   SYS_SET_OPERATIVE_TIME   0x000ca8    program     extern C:\Work_Mk\lib4xx\UsApp_Lib\Source\OS_Def.asm
   SYS_GET_POWERSAFE_REG3   0x000cac    program     extern C:\Work_Mk\lib4xx\UsApp_Lib\Source\OS_Def.asm
   SYS_SET_POWERSAFE_REG3   0x000cb0    program     extern C:\Work_Mk\lib4xx\UsApp_Lib\Source\OS_Def.asm
   SYS_GET_POWERSAFE_REG4   0x000cb4    program     extern C:\Work_Mk\lib4xx\UsApp_Lib\Source\OS_Def.asm
   SYS_SET_POWERSAFE_REG4   0x000cb8    program     extern C:\Work_Mk\lib4xx\UsApp_Lib\Source\OS_Def.asm
      SYS_GET_COUNTER10MS   0x000cbc    program     extern C:\Work_Mk\lib4xx\UsApp_Lib\Source\OS_Def.asm
        SYS_GET_COUNTER1S   0x000cc0    program     extern C:\Work_Mk\lib4xx\UsApp_Lib\Source\OS_Def.asm
  SYS_SET_RECORD_TO_ARHIV   0x000cc4    program     extern C:\Work_Mk\lib4xx\UsApp_Lib\Source\OS_Def.asm
             SYS_FXD3216U   0x000cc8    program     extern C:\Work_Mk\lib4xx\UsApp_Lib\Source\OS_Def.asm
             SYS_FXD2416U   0x000ccc    program     extern C:\Work_Mk\lib4xx\UsApp_Lib\Source\OS_Def.asm
             SYS_FXD1608U   0x000cd0    program     extern C:\Work_Mk\lib4xx\UsApp_Lib\Source\OS_Def.asm
              SYS_FXM32_8   0x000cd4    program     extern C:\Work_Mk\lib4xx\UsApp_Lib\Source\OS_Def.asm
             SYS_FXM24_16   0x000cd8    program     extern C:\Work_Mk\lib4xx\UsApp_Lib\Source\OS_Def.asm
              SYS_FXM16_8   0x000cdc    program     extern C:\Work_Mk\lib4xx\UsApp_Lib\Source\OS_Def.asm
              SYS_BCD2HEX   0x000ce0    program     extern C:\Work_Mk\lib4xx\UsApp_Lib\Source\OS_Def.asm
              SYS_HEX2BCD   0x000ce4    program     extern C:\Work_Mk\lib4xx\UsApp_Lib\Source\OS_Def.asm
           SYS_WORD2FLOAT   0x000ce8    program     extern C:\Work_Mk\lib4xx\UsApp_Lib\Source\OS_Def.asm
                SYS_FPS32   0x000cec    program     extern C:\Work_Mk\lib4xx\UsApp_Lib\Source\OS_Def.asm
                SYS_FPA32   0x000cf0    program     extern C:\Work_Mk\lib4xx\UsApp_Lib\Source\OS_Def.asm
           SYS_OPEN_PORT1   0x000cf4    program     extern C:\Work_Mk\lib4xx\UsApp_Lib\Source\OS_Def.asm
    SYS_GET_PTR_BUF_PORT1   0x000cf8    program     extern C:\Work_Mk\lib4xx\UsApp_Lib\Source\OS_Def.asm
SYS_BEGIN_TRANSACTION_PORT1   0x000cfc    program     extern C:\Work_Mk\lib4xx\UsApp_Lib\Source\OS_Def.asm
SYS_GET_STATUS_TRANSACTION_PORT1   0x000d00    program     extern C:\Work_Mk\lib4xx\UsApp_Lib\Source\OS_Def.asm
          SYS_CLOSE_PORT1   0x000d04    program     extern C:\Work_Mk\lib4xx\UsApp_Lib\Source\OS_Def.asm
           SYS_OPEN_PORT2   0x000d08    program     extern C:\Work_Mk\lib4xx\UsApp_Lib\Source\OS_Def.asm
    SYS_GET_PTR_BUF_PORT2   0x000d0c    program     extern C:\Work_Mk\lib4xx\UsApp_Lib\Source\OS_Def.asm
SYS_BEGIN_TRANSACTION_PORT2   0x000d10    program     extern C:\Work_Mk\lib4xx\UsApp_Lib\Source\OS_Def.asm
SYS_GET_STATUS_TRANSACTION_PORT2   0x000d14    program     extern C:\Work_Mk\lib4xx\UsApp_Lib\Source\OS_Def.asm
          SYS_CLOSE_PORT2   0x000d18    program     extern C:\Work_Mk\lib4xx\UsApp_Lib\Source\OS_Def.asm
         USER_APPLICATION   0x00c000    program     extern D:\Kostya\dev\workspace\electronic\MPLAB\TEST_Vectors.asm
OPTIONAL_HANDLER_MAIN_PORT1   0x00c004    program     extern D:\Kostya\dev\workspace\electronic\MPLAB\TEST_Vectors.asm
OPTIONAL_HANDLER_LOINT_PORT1   0x00c008    program     extern D:\Kostya\dev\workspace\electronic\MPLAB\TEST_Vectors.asm
OPTIONAL_HANDLER_MAIN_PORT2   0x00c00c    program     extern D:\Kostya\dev\workspace\electronic\MPLAB\TEST_Vectors.asm
OPTIONAL_HANDLER_LOINT_PORT2   0x00c010    program     extern D:\Kostya\dev\workspace\electronic\MPLAB\TEST_Vectors.asm
               USAPP_ZONE   0x00c014    program     static D:\Kostya\dev\workspace\electronic\MPLAB\TEST_Vectors.asm
              ID_USER_APP   0x00c01c    program     static D:\Kostya\dev\workspace\electronic\MPLAB\TEST_Vectors.asm
               mod_id_app   0x00c102    program     extern C:\Work_Mk\lib4xx\UsApp_Lib\Source\OS_Def_C.c
          get_scan_status   0x00c106    program     extern C:\Work_Mk\lib4xx\UsApp_Lib\Source\OS_Def_C.c
           get_modbus_reg   0x00c110    program     extern C:\Work_Mk\lib4xx\UsApp_Lib\Source\OS_Def_C.c
           set_modbus_reg   0x00c128    program     extern C:\Work_Mk\lib4xx\UsApp_Lib\Source\OS_Def_C.c
                 swap_reg   0x00c140    program     extern C:\Work_Mk\lib4xx\UsApp_Lib\Source\OS_Def_C.c
           get_modbus_bit   0x00c150    program     extern C:\Work_Mk\lib4xx\UsApp_Lib\Source\OS_Def_C.c
           set_modbus_bit   0x00c168    program     extern C:\Work_Mk\lib4xx\UsApp_Lib\Source\OS_Def_C.c
     lock_shared_resource   0x00c180    program     extern C:\Work_Mk\lib4xx\UsApp_Lib\Source\OS_Def_C.c
   unlock_shared_resource   0x00c184    program     extern C:\Work_Mk\lib4xx\UsApp_Lib\Source\OS_Def_C.c
       get_operative_time   0x00c188    program     extern C:\Work_Mk\lib4xx\UsApp_Lib\Source\OS_Def_C.c
       set_operative_time   0x00c194    program     extern C:\Work_Mk\lib4xx\UsApp_Lib\Source\OS_Def_C.c
       get_powersafe_reg3   0x00c1a0    program     extern C:\Work_Mk\lib4xx\UsApp_Lib\Source\OS_Def_C.c
       set_powersafe_reg3   0x00c1a6    program     extern C:\Work_Mk\lib4xx\UsApp_Lib\Source\OS_Def_C.c
       get_powersafe_reg4   0x00c1b2    program     extern C:\Work_Mk\lib4xx\UsApp_Lib\Source\OS_Def_C.c
       set_powersafe_reg4   0x00c1b8    program     extern C:\Work_Mk\lib4xx\UsApp_Lib\Source\OS_Def_C.c
          get_counter10ms   0x00c1c4    program     extern C:\Work_Mk\lib4xx\UsApp_Lib\Source\OS_Def_C.c
            get_counter1s   0x00c1ca    program     extern C:\Work_Mk\lib4xx\UsApp_Lib\Source\OS_Def_C.c
      set_record_to_arhiv   0x00c1d4    program     extern C:\Work_Mk\lib4xx\UsApp_Lib\Source\OS_Def_C.c
                iee2mcflo   0x00c1e8    program     extern C:\Work_Mk\lib4xx\UsApp_Lib\Source\OS_Def_C.c
       ___return_lbl00018   0x00c206    program     static                          
                mcflo2iee   0x00c208    program     extern C:\Work_Mk\lib4xx\UsApp_Lib\Source\OS_Def_C.c
       ___return_lbl00019   0x00c226    program     static                          
               open_port1   0x00c228    program     extern C:\Work_Mk\lib4xx\UsApp_Lib\Source\OS_Def_C.c
     get_ptr_buffer_port1   0x00c23e    program     extern C:\Work_Mk\lib4xx\UsApp_Lib\Source\OS_Def_C.c
  begin_transaction_port1   0x00c254    program     extern C:\Work_Mk\lib4xx\UsApp_Lib\Source\OS_Def_C.c
get_status_transaction_port1   0x00c26c    program     extern C:\Work_Mk\lib4xx\UsApp_Lib\Source\OS_Def_C.c
              close_port1   0x00c292    program     extern C:\Work_Mk\lib4xx\UsApp_Lib\Source\OS_Def_C.c
               open_port2   0x00c296    program     extern C:\Work_Mk\lib4xx\UsApp_Lib\Source\OS_Def_C.c
     get_ptr_buffer_port2   0x00c2ac    program     extern C:\Work_Mk\lib4xx\UsApp_Lib\Source\OS_Def_C.c
  begin_transaction_port2   0x00c2c2    program     extern C:\Work_Mk\lib4xx\UsApp_Lib\Source\OS_Def_C.c
get_status_transaction_port2   0x00c2da    program     extern C:\Work_Mk\lib4xx\UsApp_Lib\Source\OS_Def_C.c
              close_port2   0x00c300    program     extern C:\Work_Mk\lib4xx\UsApp_Lib\Source\OS_Def_C.c
                   __pa_0   0x00c304    program     static C:\Work_Mk\lib4xx\UsApp_Lib\Source\OS_Def_C.c
                   __pa_1   0x00c312    program     static C:\Work_Mk\lib4xx\UsApp_Lib\Source\OS_Def_C.c
                   __pa_2   0x00c32c    program     static C:\Work_Mk\lib4xx\UsApp_Lib\Source\OS_Def_C.c
                   __pa_3   0x00c33e    program     static C:\Work_Mk\lib4xx\UsApp_Lib\Source\OS_Def_C.c
               C_PROJECT1   0x00c348    program     extern D:\Kostya\dev\workspace\electronic\MPLAB\TEST.c
                   __pa_0   0x00c3d4    program     static D:\Kostya\dev\workspace\electronic\MPLAB\TEST.c
                   __pa_1   0x00c3e0    program     static D:\Kostya\dev\workspace\electronic\MPLAB\TEST.c
            __zero_memory   0x00c3e8    program     extern C:\MCC18\SRC\TRADIT~1\PROC\p18f6720.asm
               clear_loop   0x00c3ee    program     static C:\MCC18\SRC\TRADIT~1\PROC\p18f6720.asm
                    TEMP1   0x000010       data     extern C:\Work_Mk\lib4xx\UsApp_Lib\Source\OS_Def.asm
                    TEMP2   0x000011       data     extern C:\Work_Mk\lib4xx\UsApp_Lib\Source\OS_Def.asm
                    TEMP3   0x000012       data     extern C:\Work_Mk\lib4xx\UsApp_Lib\Source\OS_Def.asm
                    TEMP4   0x000013       data     extern C:\Work_Mk\lib4xx\UsApp_Lib\Source\OS_Def.asm
                    TEMP5   0x000014       data     extern C:\Work_Mk\lib4xx\UsApp_Lib\Source\OS_Def.asm
                    TEMP6   0x000015       data     extern C:\Work_Mk\lib4xx\UsApp_Lib\Source\OS_Def.asm
                    TEMP7   0x000016       data     extern C:\Work_Mk\lib4xx\UsApp_Lib\Source\OS_Def.asm
                    TEMP8   0x000017       data     extern C:\Work_Mk\lib4xx\UsApp_Lib\Source\OS_Def.asm
                    TEMP9   0x000018       data     extern C:\Work_Mk\lib4xx\UsApp_Lib\Source\OS_Def.asm
                   TEMP10   0x000019       data     extern C:\Work_Mk\lib4xx\UsApp_Lib\Source\OS_Def.asm
                   TEMP11   0x00001a       data     extern C:\Work_Mk\lib4xx\UsApp_Lib\Source\OS_Def.asm
                   TEMP12   0x00001b       data     extern C:\Work_Mk\lib4xx\UsApp_Lib\Source\OS_Def.asm
                   TEMP13   0x00001c       data     extern C:\Work_Mk\lib4xx\UsApp_Lib\Source\OS_Def.asm
                   TEMP14   0x00001d       data     extern C:\Work_Mk\lib4xx\UsApp_Lib\Source\OS_Def.asm
                   TEMP15   0x00001e       data     extern C:\Work_Mk\lib4xx\UsApp_Lib\Source\OS_Def.asm
                   TEMP16   0x00001f       data     extern C:\Work_Mk\lib4xx\UsApp_Lib\Source\OS_Def.asm
                   TEMP17   0x000020       data     extern C:\Work_Mk\lib4xx\UsApp_Lib\Source\OS_Def.asm
                   TEMP18   0x000021       data     extern C:\Work_Mk\lib4xx\UsApp_Lib\Source\OS_Def.asm
                   TEMP19   0x000022       data     extern C:\Work_Mk\lib4xx\UsApp_Lib\Source\OS_Def.asm
                   TEMP20   0x000023       data     extern C:\Work_Mk\lib4xx\UsApp_Lib\Source\OS_Def.asm
                   TEMP21   0x000024       data     extern C:\Work_Mk\lib4xx\UsApp_Lib\Source\OS_Def.asm
                   TEMP22   0x000025       data     extern C:\Work_Mk\lib4xx\UsApp_Lib\Source\OS_Def.asm
                   TEMP23   0x000026       data     extern C:\Work_Mk\lib4xx\UsApp_Lib\Source\OS_Def.asm
                   TEMP24   0x000027       data     extern C:\Work_Mk\lib4xx\UsApp_Lib\Source\OS_Def.asm
                   TEMP25   0x000028       data     extern C:\Work_Mk\lib4xx\UsApp_Lib\Source\OS_Def.asm
                   TEMP26   0x000029       data     extern C:\Work_Mk\lib4xx\UsApp_Lib\Source\OS_Def.asm
                   TEMP27   0x00002a       data     extern C:\Work_Mk\lib4xx\UsApp_Lib\Source\OS_Def.asm
                   TEMP28   0x00002b       data     extern C:\Work_Mk\lib4xx\UsApp_Lib\Source\OS_Def.asm
                   TEMP29   0x00002c       data     extern C:\Work_Mk\lib4xx\UsApp_Lib\Source\OS_Def.asm
                   TEMP30   0x00002d       data     extern C:\Work_Mk\lib4xx\UsApp_Lib\Source\OS_Def.asm
                   TEMP31   0x00002e       data     extern C:\Work_Mk\lib4xx\UsApp_Lib\Source\OS_Def.asm
                   TEMP32   0x00002f       data     extern C:\Work_Mk\lib4xx\UsApp_Lib\Source\OS_Def.asm
                  __REMB3   0x000030       data     extern E:\3.46\pic18-lt\cxx-framework\src\traditional\math\aarg.asm
                 __AARGB7   0x000030       data     extern E:\3.46\pic18-lt\cxx-framework\src\traditional\math\aarg.asm
                  __REMB2   0x000031       data     extern E:\3.46\pic18-lt\cxx-framework\src\traditional\math\aarg.asm
                 __AARGB6   0x000031       data     extern E:\3.46\pic18-lt\cxx-framework\src\traditional\math\aarg.asm
                 __AARGB5   0x000032       data     extern E:\3.46\pic18-lt\cxx-framework\src\traditional\math\aarg.asm
                  __REMB1   0x000032       data     extern E:\3.46\pic18-lt\cxx-framework\src\traditional\math\aarg.asm
                 __AARGB4   0x000033       data     extern E:\3.46\pic18-lt\cxx-framework\src\traditional\math\aarg.asm
                  __REMB0   0x000033       data     extern E:\3.46\pic18-lt\cxx-framework\src\traditional\math\aarg.asm
                 __AARGB3   0x000034       data     extern E:\3.46\pic18-lt\cxx-framework\src\traditional\math\aarg.asm
                 __AARGB2   0x000035       data     extern E:\3.46\pic18-lt\cxx-framework\src\traditional\math\aarg.asm
                 __AARGB1   0x000036       data     extern E:\3.46\pic18-lt\cxx-framework\src\traditional\math\aarg.asm
                 __AARGB0   0x000037       data     extern E:\3.46\pic18-lt\cxx-framework\src\traditional\math\aarg.asm
                   __AEXP   0x000038       data     extern E:\3.46\pic18-lt\cxx-framework\src\traditional\math\aarg.asm
                     PAR1   0x000060       data     extern C:\Work_Mk\lib4xx\UsApp_Lib\Source\OS_Def.asm
               SHORT_PAR1   0x000060       data     extern C:\Work_Mk\lib4xx\UsApp_Lib\Source\OS_Def.asm
                 PTR_PAR1   0x000060       data     extern C:\Work_Mk\lib4xx\UsApp_Lib\Source\OS_Def.asm
                     PAR2   0x000061       data     extern C:\Work_Mk\lib4xx\UsApp_Lib\Source\OS_Def.asm
               SHORT_PAR2   0x000061       data     extern C:\Work_Mk\lib4xx\UsApp_Lib\Source\OS_Def.asm
                 PTR_PAR2   0x000061       data     extern C:\Work_Mk\lib4xx\UsApp_Lib\Source\OS_Def.asm
                     PAR3   0x000062       data     extern C:\Work_Mk\lib4xx\UsApp_Lib\Source\OS_Def.asm
               SHORT_PAR3   0x000062       data     extern C:\Work_Mk\lib4xx\UsApp_Lib\Source\OS_Def.asm
                 PTR_PAR3   0x000062       data     extern C:\Work_Mk\lib4xx\UsApp_Lib\Source\OS_Def.asm
               SHORT_PAR4   0x000063       data     extern C:\Work_Mk\lib4xx\UsApp_Lib\Source\OS_Def.asm
                 PTR_PAR4   0x000063       data     extern C:\Work_Mk\lib4xx\UsApp_Lib\Source\OS_Def.asm
                     PAR4   0x000063       data     extern C:\Work_Mk\lib4xx\UsApp_Lib\Source\OS_Def.asm
               SHORT_PAR5   0x000064       data     extern C:\Work_Mk\lib4xx\UsApp_Lib\Source\OS_Def.asm
                 PTR_PAR5   0x000064       data     extern C:\Work_Mk\lib4xx\UsApp_Lib\Source\OS_Def.asm
                     PAR5   0x000064       data     extern C:\Work_Mk\lib4xx\UsApp_Lib\Source\OS_Def.asm
                 PTR_PAR6   0x000065       data     extern C:\Work_Mk\lib4xx\UsApp_Lib\Source\OS_Def.asm
                     PAR6   0x000065       data     extern C:\Work_Mk\lib4xx\UsApp_Lib\Source\OS_Def.asm
               SHORT_PAR6   0x000065       data     extern C:\Work_Mk\lib4xx\UsApp_Lib\Source\OS_Def.asm
                     PAR7   0x000066       data     extern C:\Work_Mk\lib4xx\UsApp_Lib\Source\OS_Def.asm
                 PTR_PAR7   0x000066       data     extern C:\Work_Mk\lib4xx\UsApp_Lib\Source\OS_Def.asm
               SHORT_PAR7   0x000066       data     extern C:\Work_Mk\lib4xx\UsApp_Lib\Source\OS_Def.asm
                     PAR8   0x000067       data     extern C:\Work_Mk\lib4xx\UsApp_Lib\Source\OS_Def.asm
               SHORT_PAR8   0x000067       data     extern C:\Work_Mk\lib4xx\UsApp_Lib\Source\OS_Def.asm
                 PTR_PAR8   0x000067       data     extern C:\Work_Mk\lib4xx\UsApp_Lib\Source\OS_Def.asm
                     PAR9   0x000068       data     extern C:\Work_Mk\lib4xx\UsApp_Lib\Source\OS_Def.asm
               SHORT_PAR9   0x000068       data     extern C:\Work_Mk\lib4xx\UsApp_Lib\Source\OS_Def.asm
                 PTR_PAR9   0x000068       data     extern C:\Work_Mk\lib4xx\UsApp_Lib\Source\OS_Def.asm
                PTR_PAR10   0x000069       data     extern C:\Work_Mk\lib4xx\UsApp_Lib\Source\OS_Def.asm
                    PAR10   0x000069       data     extern C:\Work_Mk\lib4xx\UsApp_Lib\Source\OS_Def.asm
              SHORT_PAR10   0x000069       data     extern C:\Work_Mk\lib4xx\UsApp_Lib\Source\OS_Def.asm
                PTR_PAR11   0x00006a       data     extern C:\Work_Mk\lib4xx\UsApp_Lib\Source\OS_Def.asm
                    PAR11   0x00006a       data     extern C:\Work_Mk\lib4xx\UsApp_Lib\Source\OS_Def.asm
              SHORT_PAR11   0x00006a       data     extern C:\Work_Mk\lib4xx\UsApp_Lib\Source\OS_Def.asm
                    PAR12   0x00006b       data     extern C:\Work_Mk\lib4xx\UsApp_Lib\Source\OS_Def.asm
                PTR_PAR12   0x00006b       data     extern C:\Work_Mk\lib4xx\UsApp_Lib\Source\OS_Def.asm
              SHORT_PAR12   0x00006b       data     extern C:\Work_Mk\lib4xx\UsApp_Lib\Source\OS_Def.asm
                    PAR13   0x00006c       data     extern C:\Work_Mk\lib4xx\UsApp_Lib\Source\OS_Def.asm
                PTR_PAR13   0x00006c       data     extern C:\Work_Mk\lib4xx\UsApp_Lib\Source\OS_Def.asm
              SHORT_PAR13   0x00006c       data     extern C:\Work_Mk\lib4xx\UsApp_Lib\Source\OS_Def.asm
                PTR_PAR14   0x00006d       data     extern C:\Work_Mk\lib4xx\UsApp_Lib\Source\OS_Def.asm
                    PAR14   0x00006d       data     extern C:\Work_Mk\lib4xx\UsApp_Lib\Source\OS_Def.asm
              SHORT_PAR14   0x00006d       data     extern C:\Work_Mk\lib4xx\UsApp_Lib\Source\OS_Def.asm
                PTR_PAR15   0x00006e       data     extern C:\Work_Mk\lib4xx\UsApp_Lib\Source\OS_Def.asm
                    PAR15   0x00006e       data     extern C:\Work_Mk\lib4xx\UsApp_Lib\Source\OS_Def.asm
              SHORT_PAR15   0x00006e       data     extern C:\Work_Mk\lib4xx\UsApp_Lib\Source\OS_Def.asm
                PTR_PAR16   0x00006f       data     extern C:\Work_Mk\lib4xx\UsApp_Lib\Source\OS_Def.asm
              SHORT_PAR16   0x00006f       data     extern C:\Work_Mk\lib4xx\UsApp_Lib\Source\OS_Def.asm
                    PAR16   0x00006f       data     extern C:\Work_Mk\lib4xx\UsApp_Lib\Source\OS_Def.asm
              SHORT_PAR17   0x000070       data     extern C:\Work_Mk\lib4xx\UsApp_Lib\Source\OS_Def.asm
                PTR_PAR17   0x000070       data     extern C:\Work_Mk\lib4xx\UsApp_Lib\Source\OS_Def.asm
                    PAR17   0x000070       data     extern C:\Work_Mk\lib4xx\UsApp_Lib\Source\OS_Def.asm
              SHORT_PAR18   0x000071       data     extern C:\Work_Mk\lib4xx\UsApp_Lib\Source\OS_Def.asm
                PTR_PAR18   0x000071       data     extern C:\Work_Mk\lib4xx\UsApp_Lib\Source\OS_Def.asm
                    PAR18   0x000071       data     extern C:\Work_Mk\lib4xx\UsApp_Lib\Source\OS_Def.asm
              SHORT_PAR19   0x000072       data     extern C:\Work_Mk\lib4xx\UsApp_Lib\Source\OS_Def.asm
                PTR_PAR19   0x000072       data     extern C:\Work_Mk\lib4xx\UsApp_Lib\Source\OS_Def.asm
                    PAR19   0x000072       data     extern C:\Work_Mk\lib4xx\UsApp_Lib\Source\OS_Def.asm
                PTR_PAR20   0x000073       data     extern C:\Work_Mk\lib4xx\UsApp_Lib\Source\OS_Def.asm
              SHORT_PAR20   0x000073       data     extern C:\Work_Mk\lib4xx\UsApp_Lib\Source\OS_Def.asm
[...]
                    PORTD   0x000f83       data     extern C:\MCC18\SRC\TRADIT~1\PROC\p18f6720.asm
                PORTDbits   0x000f83       data     extern C:\MCC18\SRC\TRADIT~1\PROC\p18f6720.asm
                PORTEbits   0x000f84       data     extern C:\MCC18\SRC\TRADIT~1\PROC\p18f6720.asm
                    PORTE   0x000f84       data     extern C:\MCC18\SRC\TRADIT~1\PROC\p18f6720.asm
                PORTFbits   0x000f85       data     extern C:\MCC18\SRC\TRADIT~1\PROC\p18f6720.asm
                    PORTF   0x000f85       data     extern C:\MCC18\SRC\TRADIT~1\PROC\p18f6720.asm
                PORTGbits   0x000f86       data     extern C:\MCC18\SRC\TRADIT~1\PROC\p18f6720.asm
                    PORTG   0x000f86       data     extern C:\MCC18\SRC\TRADIT~1\PROC\p18f6720.asm
                     LATA   0x000f89       data     extern C:\MCC18\SRC\TRADIT~1\PROC\p18f6720.asm
                 LATAbits   0x000f89       data     extern C:\MCC18\SRC\TRADIT~1\PROC\p18f6720.asm
                     LATB   0x000f8a       data     extern C:\MCC18\SRC\TRADIT~1\PROC\p18f6720.asm
                 LATBbits   0x000f8a       data     extern C:\MCC18\SRC\TRADIT~1\PROC\p18f6720.asm
                     LATC   0x000f8b       data     extern C:\MCC18\SRC\TRADIT~1\PROC\p18f6720.asm
                 LATCbits   0x000f8b       data     extern C:\MCC18\SRC\TRADIT~1\PROC\p18f6720.asm
                     LATD   0x000f8c       data     extern C:\MCC18\SRC\TRADIT~1\PROC\p18f6720.asm
                 LATDbits   0x000f8c       data     extern C:\MCC18\SRC\TRADIT~1\PROC\p18f6720.asm
                 LATEbits   0x000f8d       data     extern C:\MCC18\SRC\TRADIT~1\PROC\p18f6720.asm
                     LATE   0x000f8d       data     extern C:\MCC18\SRC\TRADIT~1\PROC\p18f6720.asm
                     LATF   0x000f8e       data     extern C:\MCC18\SRC\TRADIT~1\PROC\p18f6720.asm
                 LATFbits   0x000f8e       data     extern C:\MCC18\SRC\TRADIT~1\PROC\p18f6720.asm
                     LATG   0x000f8f       data     extern C:\MCC18\SRC\TRADIT~1\PROC\p18f6720.asm
                 LATGbits   0x000f8f       data     extern C:\MCC18\SRC\TRADIT~1\PROC\p18f6720.asm
                     DDRA   0x000f92       data     extern C:\MCC18\SRC\TRADIT~1\PROC\p18f6720.asm
                 DDRAbits   0x000f92       data     extern C:\MCC18\SRC\TRADIT~1\PROC\p18f6720.asm
                TRISAbits   0x000f92       data     extern C:\MCC18\SRC\TRADIT~1\PROC\p18f6720.asm
                    TRISA   0x000f92       data     extern C:\MCC18\SRC\TRADIT~1\PROC\p18f6720.asm
                TRISBbits   0x000f93       data     extern C:\MCC18\SRC\TRADIT~1\PROC\p18f6720.asm
                    TRISB   0x000f93       data     extern C:\MCC18\SRC\TRADIT~1\PROC\p18f6720.asm
                 DDRBbits   0x000f93       data     extern C:\MCC18\SRC\TRADIT~1\PROC\p18f6720.asm
                     DDRB   0x000f93       data     extern C:\MCC18\SRC\TRADIT~1\PROC\p18f6720.asm
                 DDRCbits   0x000f94       data     extern C:\MCC18\SRC\TRADIT~1\PROC\p18f6720.asm
                     DDRC   0x000f94       data     extern C:\MCC18\SRC\TRADIT~1\PROC\p18f6720.asm
                TRISCbits   0x000f94       data     extern C:\MCC18\SRC\TRADIT~1\PROC\p18f6720.asm
                    TRISC   0x000f94       data     extern C:\MCC18\SRC\TRADIT~1\PROC\p18f6720.asm
                     DDRD   0x000f95       data     extern C:\MCC18\SRC\TRADIT~1\PROC\p18f6720.asm
                 DDRDbits   0x000f95       data     extern C:\MCC18\SRC\TRADIT~1\PROC\p18f6720.asm
                    TRISD   0x000f95       data     extern C:\MCC18\SRC\TRADIT~1\PROC\p18f6720.asm
                TRISDbits   0x000f95       data     extern C:\MCC18\SRC\TRADIT~1\PROC\p18f6720.asm
                    TRISE   0x000f96       data     extern C:\MCC18\SRC\TRADIT~1\PROC\p18f6720.asm
                TRISEbits   0x000f96       data     extern C:\MCC18\SRC\TRADIT~1\PROC\p18f6720.asm
                 DDREbits   0x000f96       data     extern C:\MCC18\SRC\TRADIT~1\PROC\p18f6720.asm
                     DDRE   0x000f96       data     extern C:\MCC18\SRC\TRADIT~1\PROC\p18f6720.asm
                 DDRFbits   0x000f97       data     extern C:\MCC18\SRC\TRADIT~1\PROC\p18f6720.asm
                TRISFbits   0x000f97       data     extern C:\MCC18\SRC\TRADIT~1\PROC\p18f6720.asm
                    TRISF   0x000f97       data     extern C:\MCC18\SRC\TRADIT~1\PROC\p18f6720.asm
                     DDRF   0x000f97       data     extern C:\MCC18\SRC\TRADIT~1\PROC\p18f6720.asm
                     DDRG   0x000f98       data     extern C:\MCC18\SRC\TRADIT~1\PROC\p18f6720.asm
                 DDRGbits   0x000f98       data     extern C:\MCC18\SRC\TRADIT~1\PROC\p18f6720.asm
                TRISGbits   0x000f98       data     extern C:\MCC18\SRC\TRADIT~1\PROC\p18f6720.asm
                    TRISG   0x000f98       data     extern C:\MCC18\SRC\TRADIT~1\PROC\p18f6720.asm
                 PIE1bits   0x000f9d       data     extern C:\MCC18\SRC\TRADIT~1\PROC\p18f6720.asm
                     PIE1   0x000f9d       data     extern C:\MCC18\SRC\TRADIT~1\PROC\p18f6720.asm
                     PIR1   0x000f9e       data     extern C:\MCC18\SRC\TRADIT~1\PROC\p18f6720.asm
                 PIR1bits   0x000f9e       data     extern C:\MCC18\SRC\TRADIT~1\PROC\p18f6720.asm
                 IPR1bits   0x000f9f       data     extern C:\MCC18\SRC\TRADIT~1\PROC\p18f6720.asm
                     IPR1   0x000f9f       data     extern C:\MCC18\SRC\TRADIT~1\PROC\p18f6720.asm
                     PIE2   0x000fa0       data     extern C:\MCC18\SRC\TRADIT~1\PROC\p18f6720.asm
                 PIE2bits   0x000fa0       data     extern C:\MCC18\SRC\TRADIT~1\PROC\p18f6720.asm
                     PIR2   0x000fa1       data     extern C:\MCC18\SRC\TRADIT~1\PROC\p18f6720.asm
                 PIR2bits   0x000fa1       data     extern C:\MCC18\SRC\TRADIT~1\PROC\p18f6720.asm
                 IPR2bits   0x000fa2       data     extern C:\MCC18\SRC\TRADIT~1\PROC\p18f6720.asm
                     IPR2   0x000fa2       data     extern C:\MCC18\SRC\TRADIT~1\PROC\p18f6720.asm
                 PIE3bits   0x000fa3       data     extern C:\MCC18\SRC\TRADIT~1\PROC\p18f6720.asm
                     PIE3   0x000fa3       data     extern C:\MCC18\SRC\TRADIT~1\PROC\p18f6720.asm
                 PIR3bits   0x000fa4       data     extern C:\MCC18\SRC\TRADIT~1\PROC\p18f6720.asm
                     PIR3   0x000fa4       data     extern C:\MCC18\SRC\TRADIT~1\PROC\p18f6720.asm
                     IPR3   0x000fa5       data     extern C:\MCC18\SRC\TRADIT~1\PROC\p18f6720.asm
                 IPR3bits   0x000fa5       data     extern C:\MCC18\SRC\TRADIT~1\PROC\p18f6720.asm
               EECON1bits   0x000fa6       data     extern C:\MCC18\SRC\TRADIT~1\PROC\p18f6720.asm
                   EECON1   0x000fa6       data     extern C:\MCC18\SRC\TRADIT~1\PROC\p18f6720.asm
                   EECON2   0x000fa7       data     extern C:\MCC18\SRC\TRADIT~1\PROC\p18f6720.asm
                   EEDATA   0x000fa8       data     extern C:\MCC18\SRC\TRADIT~1\PROC\p18f6720.asm
                    EEADR   0x000fa9       data     extern C:\MCC18\SRC\TRADIT~1\PROC\p18f6720.asm
                   EEADRH   0x000faa       data     extern C:\MCC18\SRC\TRADIT~1\PROC\p18f6720.asm
                    RCSTA   0x000fab       data     extern C:\MCC18\SRC\TRADIT~1\PROC\p18f6720.asm
                RCSTAbits   0x000fab       data     extern C:\MCC18\SRC\TRADIT~1\PROC\p18f6720.asm
               RCSTA1bits   0x000fab       data     extern C:\MCC18\SRC\TRADIT~1\PROC\p18f6720.asm
                   RCSTA1   0x000fab       data     extern C:\MCC18\SRC\TRADIT~1\PROC\p18f6720.asm
                   TXSTA1   0x000fac       data     extern C:\MCC18\SRC\TRADIT~1\PROC\p18f6720.asm
                    TXSTA   0x000fac       data     extern C:\MCC18\SRC\TRADIT~1\PROC\p18f6720.asm
               TXSTA1bits   0x000fac       data     extern C:\MCC18\SRC\TRADIT~1\PROC\p18f6720.asm
                TXSTAbits   0x000fac       data     extern C:\MCC18\SRC\TRADIT~1\PROC\p18f6720.asm
                   TXREG1   0x000fad       data     extern C:\MCC18\SRC\TRADIT~1\PROC\p18f6720.asm
                    TXREG   0x000fad       data     extern C:\MCC18\SRC\TRADIT~1\PROC\p18f6720.asm
                   RCREG1   0x000fae       data     extern C:\MCC18\SRC\TRADIT~1\PROC\p18f6720.asm
                   SPBRG1   0x000faf       data     extern C:\MCC18\SRC\TRADIT~1\PROC\p18f6720.asm
                    SPBRG   0x000faf       data     extern C:\MCC18\SRC\TRADIT~1\PROC\p18f6720.asm
               PSPCONbits   0x000fb0       data     extern C:\MCC18\SRC\TRADIT~1\PROC\p18f6720.asm
                   PSPCON   0x000fb0       data     extern C:\MCC18\SRC\TRADIT~1\PROC\p18f6720.asm
                T3CONbits   0x000fb1       data     extern C:\MCC18\SRC\TRADIT~1\PROC\p18f6720.asm
                    T3CON   0x000fb1       data     extern C:\MCC18\SRC\TRADIT~1\PROC\p18f6720.asm
                    TMR3L   0x000fb2       data     extern C:\MCC18\SRC\TRADIT~1\PROC\p18f6720.asm
                    TMR3H   0x000fb3       data     extern C:\MCC18\SRC\TRADIT~1\PROC\p18f6720.asm
                CMCONbits   0x000fb4       data     extern C:\MCC18\SRC\TRADIT~1\PROC\p18f6720.asm
                    CMCON   0x000fb4       data     extern C:\MCC18\SRC\TRADIT~1\PROC\p18f6720.asm
               CVRCONbits   0x000fb5       data     extern C:\MCC18\SRC\TRADIT~1\PROC\p18f6720.asm
                   CVRCON   0x000fb5       data     extern C:\MCC18\SRC\TRADIT~1\PROC\p18f6720.asm
              CCP3CONbits   0x000fb7       data     extern C:\MCC18\SRC\TRADIT~1\PROC\p18f6720.asm
                  CCP3CON   0x000fb7       data     extern C:\MCC18\SRC\TRADIT~1\PROC\p18f6720.asm
                    CCPR3   0x000fb8       data     extern C:\MCC18\SRC\TRADIT~1\PROC\p18f6720.asm
                   CCPR3L   0x000fb8       data     extern C:\MCC18\SRC\TRADIT~1\PROC\p18f6720.asm
                   CCPR3H   0x000fb9       data     extern C:\MCC18\SRC\TRADIT~1\PROC\p18f6720.asm
              CCP2CONbits   0x000fba       data     extern C:\MCC18\SRC\TRADIT~1\PROC\p18f6720.asm
                  CCP2CON   0x000fba       data     extern C:\MCC18\SRC\TRADIT~1\PROC\p18f6720.asm
                    CCPR2   0x000fbb       data     extern C:\MCC18\SRC\TRADIT~1\PROC\p18f6720.asm
                   CCPR2L   0x000fbb       data     extern C:\MCC18\SRC\TRADIT~1\PROC\p18f6720.asm
                   CCPR2H   0x000fbc       data     extern C:\MCC18\SRC\TRADIT~1\PROC\p18f6720.asm
              CCP1CONbits   0x000fbd       data     extern C:\MCC18\SRC\TRADIT~1\PROC\p18f6720.asm
                  CCP1CON   0x000fbd       data     extern C:\MCC18\SRC\TRADIT~1\PROC\p18f6720.asm
                    CCPR1   0x000fbe       data     extern C:\MCC18\SRC\TRADIT~1\PROC\p18f6720.asm
                   CCPR1L   0x000fbe       data     extern C:\MCC18\SRC\TRADIT~1\PROC\p18f6720.asm
                   CCPR1H   0x000fbf       data     extern C:\MCC18\SRC\TRADIT~1\PROC\p18f6720.asm
               ADCON2bits   0x000fc0       data     extern C:\MCC18\SRC\TRADIT~1\PROC\p18f6720.asm
                   ADCON2   0x000fc0       data     extern C:\MCC18\SRC\TRADIT~1\PROC\p18f6720.asm
               ADCON1bits   0x000fc1       data     extern C:\MCC18\SRC\TRADIT~1\PROC\p18f6720.asm
                   ADCON1   0x000fc1       data     extern C:\MCC18\SRC\TRADIT~1\PROC\p18f6720.asm
               ADCON0bits   0x000fc2       data     extern C:\MCC18\SRC\TRADIT~1\PROC\p18f6720.asm
                   ADCON0   0x000fc2       data     extern C:\MCC18\SRC\TRADIT~1\PROC\p18f6720.asm
                   ADRESL   0x000fc3       data     extern C:\MCC18\SRC\TRADIT~1\PROC\p18f6720.asm
                    ADRES   0x000fc3       data     extern C:\MCC18\SRC\TRADIT~1\PROC\p18f6720.asm
                   ADRESH   0x000fc4       data     extern C:\MCC18\SRC\TRADIT~1\PROC\p18f6720.asm
                  SSPCON2   0x000fc5       data     extern C:\MCC18\SRC\TRADIT~1\PROC\p18f6720.asm
              SSPCON2bits   0x000fc5       data     extern C:\MCC18\SRC\TRADIT~1\PROC\p18f6720.asm
              SSPCON1bits   0x000fc6       data     extern C:\MCC18\SRC\TRADIT~1\PROC\p18f6720.asm
                  SSPCON1   0x000fc6       data     extern C:\MCC18\SRC\TRADIT~1\PROC\p18f6720.asm
                  SSPSTAT   0x000fc7       data     extern C:\MCC18\SRC\TRADIT~1\PROC\p18f6720.asm
              SSPSTATbits   0x000fc7       data     extern C:\MCC18\SRC\TRADIT~1\PROC\p18f6720.asm
                   SSPADD   0x000fc8       data     extern C:\MCC18\SRC\TRADIT~1\PROC\p18f6720.asm
                   SSPBUF   0x000fc9       data     extern C:\MCC18\SRC\TRADIT~1\PROC\p18f6720.asm
                T2CONbits   0x000fca       data     extern C:\MCC18\SRC\TRADIT~1\PROC\p18f6720.asm
                    T2CON   0x000fca       data     extern C:\MCC18\SRC\TRADIT~1\PROC\p18f6720.asm
                      PR2   0x000fcb       data     extern C:\MCC18\SRC\TRADIT~1\PROC\p18f6720.asm
                     TMR2   0x000fcc       data     extern C:\MCC18\SRC\TRADIT~1\PROC\p18f6720.asm
                T1CONbits   0x000fcd       data     extern C:\MCC18\SRC\TRADIT~1\PROC\p18f6720.asm
                    T1CON   0x000fcd       data     extern C:\MCC18\SRC\TRADIT~1\PROC\p18f6720.asm
                    TMR1L   0x000fce       data     extern C:\MCC18\SRC\TRADIT~1\PROC\p18f6720.asm
                    TMR1H   0x000fcf       data     extern C:\MCC18\SRC\TRADIT~1\PROC\p18f6720.asm
                     RCON   0x000fd0       data     extern C:\MCC18\SRC\TRADIT~1\PROC\p18f6720.asm
                 RCONbits   0x000fd0       data     extern C:\MCC18\SRC\TRADIT~1\PROC\p18f6720.asm
               WDTCONbits   0x000fd1       data     extern C:\MCC18\SRC\TRADIT~1\PROC\p18f6720.asm
                   WDTCON   0x000fd1       data     extern C:\MCC18\SRC\TRADIT~1\PROC\p18f6720.asm
                   LVDCON   0x000fd2       data     extern C:\MCC18\SRC\TRADIT~1\PROC\p18f6720.asm
               LVDCONbits   0x000fd2       data     extern C:\MCC18\SRC\TRADIT~1\PROC\p18f6720.asm
                   OSCCON   0x000fd3       data     extern C:\MCC18\SRC\TRADIT~1\PROC\p18f6720.asm
               OSCCONbits   0x000fd3       data     extern C:\MCC18\SRC\TRADIT~1\PROC\p18f6720.asm
                T0CONbits   0x000fd5       data     extern C:\MCC18\SRC\TRADIT~1\PROC\p18f6720.asm
                    T0CON   0x000fd5       data     extern C:\MCC18\SRC\TRADIT~1\PROC\p18f6720.asm
                    TMR0L   0x000fd6       data     extern C:\MCC18\SRC\TRADIT~1\PROC\p18f6720.asm
                    TMR0H   0x000fd7       data     extern C:\MCC18\SRC\TRADIT~1\PROC\p18f6720.asm
                   STATUS   0x000fd8       data     extern C:\MCC18\SRC\TRADIT~1\PROC\p18f6720.asm
               STATUSbits   0x000fd8       data     extern C:\MCC18\SRC\TRADIT~1\PROC\p18f6720.asm
                     FSR2   0x000fd9       data     extern C:\MCC18\SRC\TRADIT~1\PROC\p18f6720.asm
                    FSR2L   0x000fd9       data     extern C:\MCC18\SRC\TRADIT~1\PROC\p18f6720.asm
                    FSR2H   0x000fda       data     extern C:\MCC18\SRC\TRADIT~1\PROC\p18f6720.asm
                   PLUSW2   0x000fdb       data     extern C:\MCC18\SRC\TRADIT~1\PROC\p18f6720.asm
                  PREINC2   0x000fdc       data     extern C:\MCC18\SRC\TRADIT~1\PROC\p18f6720.asm
                 POSTDEC2   0x000fdd       data     extern C:\MCC18\SRC\TRADIT~1\PROC\p18f6720.asm
                 POSTINC2   0x000fde       data     extern C:\MCC18\SRC\TRADIT~1\PROC\p18f6720.asm
                    INDF2   0x000fdf       data     extern C:\MCC18\SRC\TRADIT~1\PROC\p18f6720.asm
                      BSR   0x000fe0       data     extern C:\MCC18\SRC\TRADIT~1\PROC\p18f6720.asm
                     FSR1   0x000fe1       data     extern C:\MCC18\SRC\TRADIT~1\PROC\p18f6720.asm
                    FSR1L   0x000fe1       data     extern C:\MCC18\SRC\TRADIT~1\PROC\p18f6720.asm
                    FSR1H   0x000fe2       data     extern C:\MCC18\SRC\TRADIT~1\PROC\p18f6720.asm
                   PLUSW1   0x000fe3       data     extern C:\MCC18\SRC\TRADIT~1\PROC\p18f6720.asm
                  PREINC1   0x000fe4       data     extern C:\MCC18\SRC\TRADIT~1\PROC\p18f6720.asm
                 POSTDEC1   0x000fe5       data     extern C:\MCC18\SRC\TRADIT~1\PROC\p18f6720.asm
                 POSTINC1   0x000fe6       data     extern C:\MCC18\SRC\TRADIT~1\PROC\p18f6720.asm
                    INDF1   0x000fe7       data     extern C:\MCC18\SRC\TRADIT~1\PROC\p18f6720.asm
                     WREG   0x000fe8       data     extern C:\MCC18\SRC\TRADIT~1\PROC\p18f6720.asm
                    FSR0L   0x000fe9       data     extern C:\MCC18\SRC\TRADIT~1\PROC\p18f6720.asm
                     FSR0   0x000fe9       data     extern C:\MCC18\SRC\TRADIT~1\PROC\p18f6720.asm
                    FSR0H   0x000fea       data     extern C:\MCC18\SRC\TRADIT~1\PROC\p18f6720.asm
                   PLUSW0   0x000feb       data     extern C:\MCC18\SRC\TRADIT~1\PROC\p18f6720.asm
                  PREINC0   0x000fec       data     extern C:\MCC18\SRC\TRADIT~1\PROC\p18f6720.asm
                 POSTDEC0   0x000fed       data     extern C:\MCC18\SRC\TRADIT~1\PROC\p18f6720.asm
                 POSTINC0   0x000fee       data     extern C:\MCC18\SRC\TRADIT~1\PROC\p18f6720.asm
                    INDF0   0x000fef       data     extern C:\MCC18\SRC\TRADIT~1\PROC\p18f6720.asm
              INTCON3bits   0x000ff0       data     extern C:\MCC18\SRC\TRADIT~1\PROC\p18f6720.asm
                  INTCON3   0x000ff0       data     extern C:\MCC18\SRC\TRADIT~1\PROC\p18f6720.asm
                  INTCON2   0x000ff1       data     extern C:\MCC18\SRC\TRADIT~1\PROC\p18f6720.asm
              INTCON2bits   0x000ff1       data     extern C:\MCC18\SRC\TRADIT~1\PROC\p18f6720.asm
               INTCONbits   0x000ff2       data     extern C:\MCC18\SRC\TRADIT~1\PROC\p18f6720.asm
                   INTCON   0x000ff2       data     extern C:\MCC18\SRC\TRADIT~1\PROC\p18f6720.asm
                     PROD   0x000ff3       data     extern C:\MCC18\SRC\TRADIT~1\PROC\p18f6720.asm
                    PRODL   0x000ff3       data     extern C:\MCC18\SRC\TRADIT~1\PROC\p18f6720.asm
                    PRODH   0x000ff4       data     extern C:\MCC18\SRC\TRADIT~1\PROC\p18f6720.asm
                   TABLAT   0x000ff5       data     extern C:\MCC18\SRC\TRADIT~1\PROC\p18f6720.asm
                  TBLPTRL   0x000ff6       data     extern C:\MCC18\SRC\TRADIT~1\PROC\p18f6720.asm
                   TBLPTR   0x000ff6       data     extern C:\MCC18\SRC\TRADIT~1\PROC\p18f6720.asm
                  TBLPTRH   0x000ff7       data     extern C:\MCC18\SRC\TRADIT~1\PROC\p18f6720.asm
                  TBLPTRU   0x000ff8       data     extern C:\MCC18\SRC\TRADIT~1\PROC\p18f6720.asm
                      PCL   0x000ff9       data     extern C:\MCC18\SRC\TRADIT~1\PROC\p18f6720.asm
                       PC   0x000ff9       data     extern C:\MCC18\SRC\TRADIT~1\PROC\p18f6720.asm
                   PCLATH   0x000ffa       data     extern C:\MCC18\SRC\TRADIT~1\PROC\p18f6720.asm
                   PCLATU   0x000ffb       data     extern C:\MCC18\SRC\TRADIT~1\PROC\p18f6720.asm
               STKPTRbits   0x000ffc       data     extern C:\MCC18\SRC\TRADIT~1\PROC\p18f6720.asm
                   STKPTR   0x000ffc       data     extern C:\MCC18\SRC\TRADIT~1\PROC\p18f6720.asm
                      TOS   0x000ffd       data     extern C:\MCC18\SRC\TRADIT~1\PROC\p18f6720.asm
                     TOSL   0x000ffd       data     extern C:\MCC18\SRC\TRADIT~1\PROC\p18f6720.asm
                     TOSH   0x000ffe       data     extern C:\MCC18\SRC\TRADIT~1\PROC\p18f6720.asm
                     TOSU   0x000fff       data     extern C:\MCC18\SRC\TRADIT~1\PROC\p18f6720.asm


